Archive member included to satisfy reference by file (symbol)

.build/obj_crkbd_rev1_hikdul/i2c_master.a(i2c_master.o)
                              .build/obj_crkbd_rev1_hikdul/ssd1306_sh1106.o (symbol from plugin) (i2c_init)
.build/obj_crkbd_rev1_hikdul/serial.a(serial.o)
                              .build/obj_crkbd_rev1_hikdul/quantum/split_common/transport.o (symbol from plugin) (soft_serial_initiator_init)
c:/qmk_msys/mingw64/bin/../lib/gcc/avr/8.4.0/avr5\libgcc.a(_udivmodhi4.o)
                              .build/obj_crkbd_rev1_hikdul/i2c_master.a(i2c_master.o) (__udivmodhi4)
c:/qmk_msys/mingw64/bin/../lib/gcc/avr/8.4.0/avr5\libgcc.a(_exit.o)
                              c:/qmk_msys/mingw64/bin/../lib/gcc/avr/8.4.0/../../../../avr/lib/avr5/crtatmega32u4.o (exit)
c:/qmk_msys/mingw64/bin/../lib/gcc/avr/8.4.0/../../../../avr/lib/avr5\libc.a(rand.o)
                              .build/obj_crkbd_rev1_hikdul/quantum/rgblight/rgblight.o (symbol from plugin) (rand)
c:/qmk_msys/mingw64/bin/../lib/gcc/avr/8.4.0/../../../../avr/lib/avr5\libc.a(memcpy_P.o)
                              .build/obj_crkbd_rev1_hikdul/ssd1306_sh1106.o (symbol from plugin) (memcpy_P)
c:/qmk_msys/mingw64/bin/../lib/gcc/avr/8.4.0/../../../../avr/lib/avr5\libatmega32u4.a(eerd_byte.o)
                              .build/obj_crkbd_rev1_hikdul/quantum/eeconfig.o (symbol from plugin) (eeprom_read_byte)
c:/qmk_msys/mingw64/bin/../lib/gcc/avr/8.4.0/../../../../avr/lib/avr5\libatmega32u4.a(eerd_dword.o)
                              .build/obj_crkbd_rev1_hikdul/quantum/eeconfig.o (symbol from plugin) (eeprom_read_dword)
c:/qmk_msys/mingw64/bin/../lib/gcc/avr/8.4.0/../../../../avr/lib/avr5\libatmega32u4.a(eerd_word.o)
                              .build/obj_crkbd_rev1_hikdul/quantum/eeconfig.o (symbol from plugin) (eeprom_read_word)
c:/qmk_msys/mingw64/bin/../lib/gcc/avr/8.4.0/../../../../avr/lib/avr5\libatmega32u4.a(eeupd_byte.o)
                              .build/obj_crkbd_rev1_hikdul/quantum/eeconfig.o (symbol from plugin) (eeprom_update_byte)
c:/qmk_msys/mingw64/bin/../lib/gcc/avr/8.4.0/../../../../avr/lib/avr5\libatmega32u4.a(eeupd_dword.o)
                              .build/obj_crkbd_rev1_hikdul/quantum/eeconfig.o (symbol from plugin) (eeprom_update_dword)
c:/qmk_msys/mingw64/bin/../lib/gcc/avr/8.4.0/../../../../avr/lib/avr5\libatmega32u4.a(eeupd_word.o)
                              .build/obj_crkbd_rev1_hikdul/quantum/eeconfig.o (symbol from plugin) (eeprom_update_word)
c:/qmk_msys/mingw64/bin/../lib/gcc/avr/8.4.0/../../../../avr/lib/avr5\libatmega32u4.a(eerd_block.o)
                              c:/qmk_msys/mingw64/bin/../lib/gcc/avr/8.4.0/../../../../avr/lib/avr5\libatmega32u4.a(eerd_dword.o) (eeprom_read_blraw)
c:/qmk_msys/mingw64/bin/../lib/gcc/avr/8.4.0/avr5\libgcc.a(_divmodsi4.o)
                              c:/qmk_msys/mingw64/bin/../lib/gcc/avr/8.4.0/../../../../avr/lib/avr5\libc.a(rand.o) (__divmodsi4)
c:/qmk_msys/mingw64/bin/../lib/gcc/avr/8.4.0/avr5\libgcc.a(_negsi2.o)
                              c:/qmk_msys/mingw64/bin/../lib/gcc/avr/8.4.0/avr5\libgcc.a(_divmodsi4.o) (__negsi2)
c:/qmk_msys/mingw64/bin/../lib/gcc/avr/8.4.0/avr5\libgcc.a(_copy_data.o)
                              c:/qmk_msys/mingw64/bin/../lib/gcc/avr/8.4.0/../../../../avr/lib/avr5\libc.a(rand.o) (__do_copy_data)
c:/qmk_msys/mingw64/bin/../lib/gcc/avr/8.4.0/avr5\libgcc.a(_muluhisi3.o)
                              c:/qmk_msys/mingw64/bin/../lib/gcc/avr/8.4.0/../../../../avr/lib/avr5\libc.a(rand.o) (__muluhisi3)
c:/qmk_msys/mingw64/bin/../lib/gcc/avr/8.4.0/avr5\libgcc.a(_mulshisi3.o)
                              c:/qmk_msys/mingw64/bin/../lib/gcc/avr/8.4.0/../../../../avr/lib/avr5\libc.a(rand.o) (__mulohisi3)
c:/qmk_msys/mingw64/bin/../lib/gcc/avr/8.4.0/avr5\libgcc.a(_udivmodsi4.o)
                              c:/qmk_msys/mingw64/bin/../lib/gcc/avr/8.4.0/avr5\libgcc.a(_divmodsi4.o) (__udivmodsi4)
c:/qmk_msys/mingw64/bin/../lib/gcc/avr/8.4.0/avr5\libgcc.a(_umulhisi3.o)
                              c:/qmk_msys/mingw64/bin/../lib/gcc/avr/8.4.0/avr5\libgcc.a(_muluhisi3.o) (__umulhisi3)
c:/qmk_msys/mingw64/bin/../lib/gcc/avr/8.4.0/avr5\libgcc.a(_udivmodqi4.o)
                              C:\Users\user\AppData\Local\Temp\ccOH6mC8.ltrans0.ltrans.o (__udivmodqi4)
c:/qmk_msys/mingw64/bin/../lib/gcc/avr/8.4.0/avr5\libgcc.a(_divmodqi4.o)
                              C:\Users\user\AppData\Local\Temp\ccOH6mC8.ltrans0.ltrans.o (__divmodqi4)
c:/qmk_msys/mingw64/bin/../lib/gcc/avr/8.4.0/avr5\libgcc.a(_divmodhi4.o)
                              C:\Users\user\AppData\Local\Temp\ccOH6mC8.ltrans0.ltrans.o (__divmodhi4)
c:/qmk_msys/mingw64/bin/../lib/gcc/avr/8.4.0/avr5\libgcc.a(_tablejump2.o)
                              C:\Users\user\AppData\Local\Temp\ccOH6mC8.ltrans0.ltrans.o (__tablejump2__)
c:/qmk_msys/mingw64/bin/../lib/gcc/avr/8.4.0/avr5\libgcc.a(_clear_bss.o)
[...]
Memory Configuration

Name             Origin             Length             Attributes
text             0x0000000000000000 0x0000000000020000 xr
data             0x0000000000800060 0x000000000000ffa0 rw !x
eeprom           0x0000000000810000 0x0000000000010000 rw !x
fuse             0x0000000000820000 0x0000000000000400 rw !x
lock             0x0000000000830000 0x0000000000000400 rw !x
signature        0x0000000000840000 0x0000000000000400 rw !x
user_signatures  0x0000000000850000 0x0000000000000400 rw !x
*default*        0x0000000000000000 0xffffffffffffffff

Linker script and memory map

Address of section .data set to 0x800100
LOAD c:/qmk_msys/mingw64/bin/../lib/gcc/avr/8.4.0/../../../../avr/lib/avr5/crtatmega32u4.o
LOAD .build/obj_crkbd_rev1_hikdul/keyboards/crkbd/crkbd.o
LOAD C:\Users\user\AppData\Local\Temp\ccwujLqhdebugobj
LOAD C:\Users\user\AppData\Local\Temp\ccOH6mC8.ltrans0.ltrans.o
LOAD .build/obj_crkbd_rev1_hikdul/keyboards/crkbd/rev1/rev1.o
LOAD .build/obj_crkbd_rev1_hikdul/keyboards/crkbd/keymaps/hikdul/keymap.o
LOAD .build/obj_crkbd_rev1_hikdul/quantum/quantum.o
LOAD .build/obj_crkbd_rev1_hikdul/quantum/send_string.o
LOAD .build/obj_crkbd_rev1_hikdul/quantum/bitwise.o
LOAD .build/obj_crkbd_rev1_hikdul/quantum/led.o
LOAD .build/obj_crkbd_rev1_hikdul/quantum/action.o
LOAD .build/obj_crkbd_rev1_hikdul/quantum/action_layer.o
LOAD .build/obj_crkbd_rev1_hikdul/quantum/action_tapping.o
LOAD .build/obj_crkbd_rev1_hikdul/quantum/action_util.o
LOAD .build/obj_crkbd_rev1_hikdul/quantum/eeconfig.o
LOAD .build/obj_crkbd_rev1_hikdul/quantum/keyboard.o
LOAD .build/obj_crkbd_rev1_hikdul/quantum/keymap_common.o
LOAD .build/obj_crkbd_rev1_hikdul/quantum/keycode_config.o
LOAD .build/obj_crkbd_rev1_hikdul/quantum/sync_timer.o
LOAD .build/obj_crkbd_rev1_hikdul/quantum/logging/debug.o
LOAD .build/obj_crkbd_rev1_hikdul/quantum/logging/sendchar.o
LOAD .build/obj_crkbd_rev1_hikdul/quantum/bootmagic/bootmagic_lite.o
LOAD .build/obj_crkbd_rev1_hikdul/quantum/bootmagic/magic.o
LOAD .build/obj_crkbd_rev1_hikdul/quantum/matrix_common.o
LOAD .build/obj_crkbd_rev1_hikdul/quantum/matrix.o
LOAD .build/obj_crkbd_rev1_hikdul/quantum/debounce/sym_defer_g.o
LOAD .build/obj_crkbd_rev1_hikdul/quantum/split_common/split_util.o
LOAD .build/obj_crkbd_rev1_hikdul/quantum/split_common/transport.o
LOAD .build/obj_crkbd_rev1_hikdul/quantum/split_common/transactions.o
LOAD .build/obj_crkbd_rev1_hikdul/quantum/main.o
LOAD .build/obj_crkbd_rev1_hikdul/quantum/mousekey.o
LOAD .build/obj_crkbd_rev1_hikdul/quantum/color.o
LOAD .build/obj_crkbd_rev1_hikdul/quantum/rgblight/rgblight.o
LOAD .build/obj_crkbd_rev1_hikdul/quantum/process_keycode/process_rgb.o
LOAD .build/obj_crkbd_rev1_hikdul/ws2812.o
LOAD .build/obj_crkbd_rev1_hikdul/quantum/led_tables.o
LOAD .build/obj_crkbd_rev1_hikdul/crc.o
LOAD .build/obj_crkbd_rev1_hikdul/ssd1306_sh1106.o
LOAD .build/obj_crkbd_rev1_hikdul/quantum/process_keycode/process_magic.o
LOAD .build/obj_crkbd_rev1_hikdul/quantum/process_keycode/process_grave_esc.o
LOAD .build/obj_crkbd_rev1_hikdul/quantum/process_keycode/process_space_cadet.o
LOAD .build/obj_crkbd_rev1_hikdul/i2c_master.a
LOAD .build/obj_crkbd_rev1_hikdul/i2c_slave.a
LOAD .build/obj_crkbd_rev1_hikdul/serial.a
LOAD .build/obj_crkbd_rev1_hikdul/platforms/avr/xprintf.o
LOAD .build/obj_crkbd_rev1_hikdul/platforms/avr/printf.o
LOAD .build/obj_crkbd_rev1_hikdul/protocol/host.o
LOAD .build/obj_crkbd_rev1_hikdul/protocol/report.o
LOAD .build/obj_crkbd_rev1_hikdul/protocol/usb_device_state.o
LOAD .build/obj_crkbd_rev1_hikdul/protocol/usb_util.o
LOAD .build/obj_crkbd_rev1_hikdul/platforms/suspend.o
LOAD .build/obj_crkbd_rev1_hikdul/platforms/avr/platform.o
LOAD .build/obj_crkbd_rev1_hikdul/platforms/avr/suspend.o
LOAD .build/obj_crkbd_rev1_hikdul/platforms/avr/timer.o
LOAD .build/obj_crkbd_rev1_hikdul/platforms/avr/bootloaders/caterina.o
LOAD .build/obj_crkbd_rev1_hikdul/lufa.o
LOAD .build/obj_crkbd_rev1_hikdul/usb_descriptor.o
LOAD .build/obj_crkbd_rev1_hikdul/lib/lufa/LUFA/Drivers/USB/Class/Common/HIDParser.o
LOAD .build/obj_crkbd_rev1_hikdul/lib/lufa/LUFA/Drivers/USB/Core/AVR8/Device_AVR8.o
LOAD .build/obj_crkbd_rev1_hikdul/lib/lufa/LUFA/Drivers/USB/Core/AVR8/EndpointStream_AVR8.o
LOAD .build/obj_crkbd_rev1_hikdul/lib/lufa/LUFA/Drivers/USB/Core/AVR8/Endpoint_AVR8.o
LOAD .build/obj_crkbd_rev1_hikdul/lib/lufa/LUFA/Drivers/USB/Core/AVR8/Host_AVR8.o
LOAD .build/obj_crkbd_rev1_hikdul/lib/lufa/LUFA/Drivers/USB/Core/AVR8/PipeStream_AVR8.o
LOAD .build/obj_crkbd_rev1_hikdul/lib/lufa/LUFA/Drivers/USB/Core/AVR8/Pipe_AVR8.o
LOAD .build/obj_crkbd_rev1_hikdul/lib/lufa/LUFA/Drivers/USB/Core/AVR8/USBController_AVR8.o
LOAD .build/obj_crkbd_rev1_hikdul/lib/lufa/LUFA/Drivers/USB/Core/AVR8/USBInterrupt_AVR8.o
LOAD .build/obj_crkbd_rev1_hikdul/lib/lufa/LUFA/Drivers/USB/Core/ConfigDescriptors.o
LOAD .build/obj_crkbd_rev1_hikdul/lib/lufa/LUFA/Drivers/USB/Core/DeviceStandardReq.o
LOAD .build/obj_crkbd_rev1_hikdul/lib/lufa/LUFA/Drivers/USB/Core/Events.o
LOAD .build/obj_crkbd_rev1_hikdul/lib/lufa/LUFA/Drivers/USB/Core/HostStandardReq.o
LOAD .build/obj_crkbd_rev1_hikdul/lib/lufa/LUFA/Drivers/USB/Core/USBTask.o
LOAD .build/obj_crkbd_rev1_hikdul/protocol/lufa/usb_util.o
LOAD c:/qmk_msys/mingw64/bin/../lib/gcc/avr/8.4.0/../../../../avr/lib/avr5\libm.a
START GROUP
LOAD c:/qmk_msys/mingw64/bin/../lib/gcc/avr/8.4.0/avr5\libgcc.a
LOAD c:/qmk_msys/mingw64/bin/../lib/gcc/avr/8.4.0/../../../../avr/lib/avr5\libm.a
LOAD c:/qmk_msys/mingw64/bin/../lib/gcc/avr/8.4.0/../../../../avr/lib/avr5\libc.a
LOAD c:/qmk_msys/mingw64/bin/../lib/gcc/avr/8.4.0/../../../../avr/lib/avr5\libatmega32u4.a
END GROUP
                0x0000000000020000                __TEXT_REGION_LENGTH__ = DEFINED (__TEXT_REGION_LENGTH__)?__TEXT_REGION_LENGTH__:0x20000
                0x000000000000ffa0                __DATA_REGION_LENGTH__ = DEFINED (__DATA_REGION_LENGTH__)?__DATA_REGION_LENGTH__:0xffa0
                0x0000000000010000                __EEPROM_REGION_LENGTH__ = DEFINED (__EEPROM_REGION_LENGTH__)?__EEPROM_REGION_LENGTH__:0x10000
                0x0000000000000400                __FUSE_REGION_LENGTH__ = DEFINED (__FUSE_REGION_LENGTH__)?__FUSE_REGION_LENGTH__:0x400
                0x0000000000000400                __LOCK_REGION_LENGTH__ = DEFINED (__LOCK_REGION_LENGTH__)?__LOCK_REGION_LENGTH__:0x400
                0x0000000000000400                __SIGNATURE_REGION_LENGTH__ = DEFINED (__SIGNATURE_REGION_LENGTH__)?__SIGNATURE_REGION_LENGTH__:0x400
                0x0000000000000400                __USER_SIGNATURE_REGION_LENGTH__ = DEFINED (__USER_SIGNATURE_REGION_LENGTH__)?__USER_SIGNATURE_REGION_LENGTH__:0x400

.hash
 *(.hash)

.dynsym
 *(.dynsym)

.dynstr
 *(.dynstr)

.gnu.version
 *(.gnu.version)

.gnu.version_d
 *(.gnu.version_d)

.gnu.version_r
 *(.gnu.version_r)

.rel.init
 *(.rel.init)

.rela.init
 *(.rela.init)

.rel.text
 *(.rel.text)
 *(.rel.text.*)
 *(.rel.gnu.linkonce.t*)

.rela.text
 *(.rela.text)
 *(.rela.text.*)
 *(.rela.gnu.linkonce.t*)

.rel.fini
 *(.rel.fini)

.rela.fini
 *(.rela.fini)

.rel.rodata
 *(.rel.rodata)
 *(.rel.rodata.*)
 *(.rel.gnu.linkonce.r*)

.rela.rodata
 *(.rela.rodata)
 *(.rela.rodata.*)
 *(.rela.gnu.linkonce.r*)

.rel.data
 *(.rel.data)
 *(.rel.data.*)
 *(.rel.gnu.linkonce.d*)

.rela.data
 *(.rela.data)
 *(.rela.data.*)
 *(.rela.gnu.linkonce.d*)

.rel.ctors
 *(.rel.ctors)

.rela.ctors
 *(.rela.ctors)

.rel.dtors
 *(.rel.dtors)

.rela.dtors
 *(.rela.dtors)

.rel.got
 *(.rel.got)

.rela.got
 *(.rela.got)

.rel.bss
 *(.rel.bss)

.rela.bss
 *(.rela.bss)

.rel.plt
 *(.rel.plt)

.rela.plt
 *(.rela.plt)

.text           0x0000000000000000     0x6952
 *(.vectors)
 .vectors       0x0000000000000000       0xac c:/qmk_msys/mingw64/bin/../lib/gcc/avr/8.4.0/../../../../avr/lib/avr5/crtatmega32u4.o
                0x0000000000000000                __vector_default
                0x0000000000000000                __vectors
 *(.vectors)
 *(.progmem.gcc*)
                0x00000000000000ac                . = ALIGN (0x2)
                0x00000000000000ac                __trampolines_start = .
 *(.trampolines)
 .trampolines   0x00000000000000ac        0x0 linker stubs
 *(.trampolines*)
                0x00000000000000ac                __trampolines_end = .
 *libprintf_flt.a:*(.progmem.data)
 *libc.a:*(.progmem.data)
 *(.progmem.*)
 .progmem.data.keymaps
                0x00000000000000ac      0x180 C:\Users\user\AppData\Local\Temp\ccOH6mC8.ltrans0.ltrans.o
 .progmem.data.display_setup2.2120
                0x000000000000022c        0xd C:\Users\user\AppData\Local\Temp\ccOH6mC8.ltrans0.ltrans.o
 .progmem.data.display_flipped.2119
                0x0000000000000239        0x3 C:\Users\user\AppData\Local\Temp\ccOH6mC8.ltrans0.ltrans.o
 .progmem.data.display_normal.2118
                0x000000000000023c        0x3 C:\Users\user\AppData\Local\Temp\ccOH6mC8.ltrans0.ltrans.o
 .progmem.data.display_setup1.2117
                0x000000000000023f        0xd C:\Users\user\AppData\Local\Temp\ccOH6mC8.ltrans0.ltrans.o
 .progmem.data.RGBLED_TWINKLE_INTERVALS
                0x000000000000024c        0x3 C:\Users\user\AppData\Local\Temp\ccOH6mC8.ltrans0.ltrans.o
 .progmem.data.RGBLED_RGBTEST_INTERVALS
                0x000000000000024f        0x2 C:\Users\user\AppData\Local\Temp\ccOH6mC8.ltrans0.ltrans.o
 .progmem.data.RGBLED_KNIGHT_INTERVALS
                0x0000000000000251        0x3 C:\Users\user\AppData\Local\Temp\ccOH6mC8.ltrans0.ltrans.o
 .progmem.data.RGBLED_SNAKE_INTERVALS
                0x0000000000000254        0x3 C:\Users\user\AppData\Local\Temp\ccOH6mC8.ltrans0.ltrans.o
 .progmem.data.RGBLED_RAINBOW_SWIRL_INTERVALS
                0x0000000000000257        0x3 C:\Users\user\AppData\Local\Temp\ccOH6mC8.ltrans0.ltrans.o
 .progmem.data.RGBLED_RAINBOW_MOOD_INTERVALS
                0x000000000000025a        0x3 C:\Users\user\AppData\Local\Temp\ccOH6mC8.ltrans0.ltrans.o
 .progmem.data.RGBLED_BREATHING_INTERVALS
                0x000000000000025d        0x4 C:\Users\user\AppData\Local\Temp\ccOH6mC8.ltrans0.ltrans.o
 .progmem.data.__c.6710
                0x0000000000000261        0x6 C:\Users\user\AppData\Local\Temp\ccOH6mC8.ltrans0.ltrans.o
 .progmem.data.__c.6704
                0x0000000000000267        0x9 C:\Users\user\AppData\Local\Temp\ccOH6mC8.ltrans0.ltrans.o
 .progmem.data.__c.6701
                0x0000000000000270        0x8 C:\Users\user\AppData\Local\Temp\ccOH6mC8.ltrans0.ltrans.o
 .progmem.data.__c.6697
                0x0000000000000278        0x7 C:\Users\user\AppData\Local\Temp\ccOH6mC8.ltrans0.ltrans.o
 .progmem.data.__c.6694
                0x000000000000027f        0x8 C:\Users\user\AppData\Local\Temp\ccOH6mC8.ltrans0.ltrans.o
 .progmem.data.crkbd_logo.6729
                0x0000000000000287       0x40 C:\Users\user\AppData\Local\Temp\ccOH6mC8.ltrans0.ltrans.o
 .progmem.data.CIE1931_CURVE
                0x00000000000002c7      0x100 C:\Users\user\AppData\Local\Temp\ccOH6mC8.ltrans0.ltrans.o
 .progmem.data.RGBLED_GRADIENT_RANGES
                0x00000000000003c7        0x5 C:\Users\user\AppData\Local\Temp\ccOH6mC8.ltrans0.ltrans.o
 .progmem.data.rgblight_effect_breathe_table
                0x00000000000003cc      0x100 C:\Users\user\AppData\Local\Temp\ccOH6mC8.ltrans0.ltrans.o
 .progmem.data.display_on.2289
                0x00000000000004cc        0x2 C:\Users\user\AppData\Local\Temp\ccOH6mC8.ltrans0.ltrans.o
 .progmem.data.display_off.2293
                0x00000000000004ce        0x2 C:\Users\user\AppData\Local\Temp\ccOH6mC8.ltrans0.ltrans.o
 .progmem.data.SharedReport
                0x00000000000004d0       0xb6 C:\Users\user\AppData\Local\Temp\ccOH6mC8.ltrans0.ltrans.o
 .progmem.data.KeyboardReport
                0x0000000000000586       0x40 C:\Users\user\AppData\Local\Temp\ccOH6mC8.ltrans0.ltrans.o
 .progmem.data.ConfigurationDescriptor
                0x00000000000005c6       0x3b C:\Users\user\AppData\Local\Temp\ccOH6mC8.ltrans0.ltrans.o
 .progmem.data.DeviceDescriptor
                0x0000000000000601       0x12 C:\Users\user\AppData\Local\Temp\ccOH6mC8.ltrans0.ltrans.o
 .progmem.data.ProductString
                0x0000000000000613        0xe C:\Users\user\AppData\Local\Temp\ccOH6mC8.ltrans0.ltrans.o
 .progmem.data.ManufacturerString
                0x0000000000000621       0x12 C:\Users\user\AppData\Local\Temp\ccOH6mC8.ltrans0.ltrans.o
 .progmem.data.LanguageString
                0x0000000000000633        0x4 C:\Users\user\AppData\Local\Temp\ccOH6mC8.ltrans0.ltrans.o
 .progmem.data.font
                0x0000000000000637      0x540 C:\Users\user\AppData\Local\Temp\ccOH6mC8.ltrans0.ltrans.o
                0x0000000000000b78                . = ALIGN (0x2)
 *fill*         0x0000000000000b77        0x1 
 *(.lowtext)
 *(.lowtext*)
                0x0000000000000b78                __ctors_start = .
 *(.ctors)
                0x0000000000000b78                __ctors_end = .
                0x0000000000000b78                __dtors_start = .
 *(.dtors)
                0x0000000000000b78                __dtors_end = .
 SORT_BY_NAME(*)(.ctors)
 SORT_BY_NAME(*)(.dtors)
 *(.init0)
 .init0         0x0000000000000b78        0x0 c:/qmk_msys/mingw64/bin/../lib/gcc/avr/8.4.0/../../../../avr/lib/avr5/crtatmega32u4.o
                0x0000000000000b78                __init
 *(.init0)
 *(.init1)
 *(.init1)
 *(.init2)
 .init2         0x0000000000000b78        0xc c:/qmk_msys/mingw64/bin/../lib/gcc/avr/8.4.0/../../../../avr/lib/avr5/crtatmega32u4.o
 *(.init2)
 *(.init3)
 *(.init3)
 *(.init4)
 .init4         0x0000000000000b84       0x10 c:/qmk_msys/mingw64/bin/../lib/gcc/avr/8.4.0/avr5\libgcc.a(_clear_bss.o)
                0x0000000000000b84                __do_clear_bss
 .init4         0x0000000000000b94       0x16 c:/qmk_msys/mingw64/bin/../lib/gcc/avr/8.4.0/avr5\libgcc.a(_copy_data.o)
                0x0000000000000b94                __do_copy_data
 *(.init4)
 *(.init5)
 *(.init5)
 *(.init6)
 *(.init6)
 *(.init7)
 *(.init7)
 *(.init8)
 *(.init8)
 *(.init9)
 .init9         0x0000000000000baa        0x8 c:/qmk_msys/mingw64/bin/../lib/gcc/avr/8.4.0/../../../../avr/lib/avr5/crtatmega32u4.o
 *(.init9)
 *(.text)
 .text          0x0000000000000bb2        0x4 c:/qmk_msys/mingw64/bin/../lib/gcc/avr/8.4.0/../../../../avr/lib/avr5/crtatmega32u4.o
                0x0000000000000bb2                __vector_38
                0x0000000000000bb2                __vector_22
                0x0000000000000bb2                __vector_28
                0x0000000000000bb2                __vector_1
                0x0000000000000bb2                __vector_32
                0x0000000000000bb2                __vector_34
                0x0000000000000bb2                __vector_24
                0x0000000000000bb2                __bad_interrupt
                0x0000000000000bb2                __vector_6
                0x0000000000000bb2                __vector_31
                0x0000000000000bb2                __vector_35
                0x0000000000000bb2                __vector_39
                0x0000000000000bb2                __vector_23
                0x0000000000000bb2                __vector_30
                0x0000000000000bb2                __vector_25
                0x0000000000000bb2                __vector_13
                0x0000000000000bb2                __vector_17
                0x0000000000000bb2                __vector_19
                0x0000000000000bb2                __vector_7
                0x0000000000000bb2                __vector_41
                0x0000000000000bb2                __vector_27
                0x0000000000000bb2                __vector_5
                0x0000000000000bb2                __vector_33
                0x0000000000000bb2                __vector_37
                0x0000000000000bb2                __vector_4
                0x0000000000000bb2                __vector_9
                0x0000000000000bb2                __vector_2
                0x0000000000000bb2                __vector_15
                0x0000000000000bb2                __vector_36
                0x0000000000000bb2                __vector_29
                0x0000000000000bb2                __vector_40
                0x0000000000000bb2                __vector_8
                0x0000000000000bb2                __vector_26
                0x0000000000000bb2                __vector_14
                0x0000000000000bb2                __vector_16
                0x0000000000000bb2                __vector_18
                0x0000000000000bb2                __vector_20
                0x0000000000000bb2                __vector_42
                0x0000000000000bb6                . = ALIGN (0x2)
 *(.text.*)
 .text.crc8.constprop.27
                0x0000000000000bb6       0x2e C:\Users\user\AppData\Local\Temp\ccOH6mC8.ltrans0.ltrans.o
 .text.USB_Disable
                0x0000000000000be4       0x3e C:\Users\user\AppData\Local\Temp\ccOH6mC8.ltrans0.ltrans.o
 .text.Endpoint_WaitUntilReady
                0x0000000000000c22       0x62 C:\Users\user\AppData\Local\Temp\ccOH6mC8.ltrans0.ltrans.o
 .text.Endpoint_Write_Stream_LE.constprop.1
                0x0000000000000c84       0x54 C:\Users\user\AppData\Local\Temp\ccOH6mC8.ltrans0.ltrans.o
 .text.Endpoint_ClearStatusStage
                0x0000000000000cd8       0x3e C:\Users\user\AppData\Local\Temp\ccOH6mC8.ltrans0.ltrans.o
 .text.Endpoint_ConfigureEndpoint_Prv
                0x0000000000000d16       0x64 C:\Users\user\AppData\Local\Temp\ccOH6mC8.ltrans0.ltrans.o
 .text.USB_Init
                0x0000000000000d7a       0xc2 C:\Users\user\AppData\Local\Temp\ccOH6mC8.ltrans0.ltrans.o
 .text.Endpoint_Write_Control_Stream_LE
                0x0000000000000e3c       0xbc C:\Users\user\AppData\Local\Temp\ccOH6mC8.ltrans0.ltrans.o
 .text.send_programmable_button
                0x0000000000000ef8        0x2 C:\Users\user\AppData\Local\Temp\ccOH6mC8.ltrans0.ltrans.o
 .text.keyboard_leds
                0x0000000000000efa        0x6 C:\Users\user\AppData\Local\Temp\ccOH6mC8.ltrans0.ltrans.o
 .text.bootloader_jump
                0x0000000000000f00       0x22 C:\Users\user\AppData\Local\Temp\ccOH6mC8.ltrans0.ltrans.o
 .text.timer_read32
                0x0000000000000f22       0x18 C:\Users\user\AppData\Local\Temp\ccOH6mC8.ltrans0.ltrans.o
 .text.del_key_from_report
                0x0000000000000f3a       0x54 C:\Users\user\AppData\Local\Temp\ccOH6mC8.ltrans0.ltrans.o
 .text.add_key_to_report
                0x0000000000000f8e       0x6a C:\Users\user\AppData\Local\Temp\ccOH6mC8.ltrans0.ltrans.o
 .text.host_consumer_send
                0x0000000000000ff8       0x2c C:\Users\user\AppData\Local\Temp\ccOH6mC8.ltrans0.ltrans.o
 .text.host_system_send
                0x0000000000001024       0x2c C:\Users\user\AppData\Local\Temp\ccOH6mC8.ltrans0.ltrans.o
 .text.handleKeycodeRGB
                0x0000000000001050        0xa C:\Users\user\AppData\Local\Temp\ccOH6mC8.ltrans0.ltrans.o
 .text.rgblight_effect_dummy
                0x000000000000105a        0x2 C:\Users\user\AppData\Local\Temp\ccOH6mC8.ltrans0.ltrans.o
 .text.rgblight_timer_init
                0x000000000000105c        0xe C:\Users\user\AppData\Local\Temp\ccOH6mC8.ltrans0.ltrans.o
 .text.rgblight_check_config
                0x000000000000106a       0x2c C:\Users\user\AppData\Local\Temp\ccOH6mC8.ltrans0.ltrans.o
 .text.sethsv   0x0000000000001096      0x132 C:\Users\user\AppData\Local\Temp\ccOH6mC8.ltrans0.ltrans.o
 .text.mousekey_off
                0x00000000000011c8       0xf2 C:\Users\user\AppData\Local\Temp\ccOH6mC8.ltrans0.ltrans.o
 .text.wheel_unit
                0x00000000000012ba       0x44 C:\Users\user\AppData\Local\Temp\ccOH6mC8.ltrans0.ltrans.o
 .text.move_unit
                0x00000000000012fe       0x40 C:\Users\user\AppData\Local\Temp\ccOH6mC8.ltrans0.ltrans.o
 .text.mousekey_on
                0x000000000000133e       0xb4 C:\Users\user\AppData\Local\Temp\ccOH6mC8.ltrans0.ltrans.o
 .text.sendchar
                0x00000000000013f2        0x4 C:\Users\user\AppData\Local\Temp\ccOH6mC8.ltrans0.ltrans.o
 .text.__iSeiParam.isra.0.lto_priv.50
                0x00000000000013f6        0x4 C:\Users\user\AppData\Local\Temp\ccOH6mC8.ltrans0.ltrans.o
 .text.setPinInputHigh_atomic
                0x00000000000013fa       0x2e C:\Users\user\AppData\Local\Temp\ccOH6mC8.ltrans0.ltrans.o
 .text.mod_config
                0x0000000000001428       0x86 C:\Users\user\AppData\Local\Temp\ccOH6mC8.ltrans0.ltrans.o
 .text.action_for_keycode
                0x00000000000014ae      0x310 C:\Users\user\AppData\Local\Temp\ccOH6mC8.ltrans0.ltrans.o
 .text.clear_oneshot_mods
                0x00000000000017be        0xc C:\Users\user\AppData\Local\Temp\ccOH6mC8.ltrans0.ltrans.o
 .text.del_mods
                0x00000000000017ca        0xe C:\Users\user\AppData\Local\Temp\ccOH6mC8.ltrans0.ltrans.o
 .text.debug_waiting_buffer
                0x00000000000017d8       0x14 C:\Users\user\AppData\Local\Temp\ccOH6mC8.ltrans0.ltrans.o
 .text.layer_switch_get_layer
                0x00000000000017ec       0xae C:\Users\user\AppData\Local\Temp\ccOH6mC8.ltrans0.ltrans.o
 .text.layer_switch_get_action
                0x000000000000189a       0x36 C:\Users\user\AppData\Local\Temp\ccOH6mC8.ltrans0.ltrans.o
 .text.read_source_layers_cache
                0x00000000000018d0       0x52 C:\Users\user\AppData\Local\Temp\ccOH6mC8.ltrans0.ltrans.o
 .text.update_source_layers_cache
                0x0000000000001922       0x5c C:\Users\user\AppData\Local\Temp\ccOH6mC8.ltrans0.ltrans.o
 .text.is_tap_record
                0x000000000000197e       0x40 C:\Users\user\AppData\Local\Temp\ccOH6mC8.ltrans0.ltrans.o
 .text.oled_write_char.constprop.49
                0x00000000000019be      0x102 C:\Users\user\AppData\Local\Temp\ccOH6mC8.ltrans0.ltrans.o
 .text.oled_write_P.constprop.48
                0x0000000000001ac0       0x1c C:\Users\user\AppData\Local\Temp\ccOH6mC8.ltrans0.ltrans.o
 .text.oled_advance_page
                0x0000000000001adc       0x64 C:\Users\user\AppData\Local\Temp\ccOH6mC8.ltrans0.ltrans.o
 .text.send_keyboard_report
                0x0000000000001b40       0xaa C:\Users\user\AppData\Local\Temp\ccOH6mC8.ltrans0.ltrans.o
 .text.unregister_mods
                0x0000000000001bea        0xe C:\Users\user\AppData\Local\Temp\ccOH6mC8.ltrans0.ltrans.o
 .text.register_mods
                0x0000000000001bf8       0x14 C:\Users\user\AppData\Local\Temp\ccOH6mC8.ltrans0.ltrans.o
 .text.send_extra
                0x0000000000001c0c       0x56 C:\Users\user\AppData\Local\Temp\ccOH6mC8.ltrans0.ltrans.o
 .text.send_consumer
                0x0000000000001c62        0x8 C:\Users\user\AppData\Local\Temp\ccOH6mC8.ltrans0.ltrans.o
 .text.send_system
                0x0000000000001c6a        0x8 C:\Users\user\AppData\Local\Temp\ccOH6mC8.ltrans0.ltrans.o
 .text.send_mouse
                0x0000000000001c72       0x42 C:\Users\user\AppData\Local\Temp\ccOH6mC8.ltrans0.ltrans.o
 .text.send_keyboard
                0x0000000000001cb4       0x80 C:\Users\user\AppData\Local\Temp\ccOH6mC8.ltrans0.ltrans.o
 .text.rgblight_set
                0x0000000000001d34       0x96 C:\Users\user\AppData\Local\Temp\ccOH6mC8.ltrans0.ltrans.o
 .text.rgblight_effect_alternating
                0x0000000000001dca       0x7a C:\Users\user\AppData\Local\Temp\ccOH6mC8.ltrans0.ltrans.o
 .text.rgblight_effect_christmas
                0x0000000000001e44      0x120 C:\Users\user\AppData\Local\Temp\ccOH6mC8.ltrans0.ltrans.o
 .text.rgblight_effect_knight
                0x0000000000001f64      0x10e C:\Users\user\AppData\Local\Temp\ccOH6mC8.ltrans0.ltrans.o
 .text.rgblight_effect_snake
                0x0000000000002072      0x132 C:\Users\user\AppData\Local\Temp\ccOH6mC8.ltrans0.ltrans.o
 .text.rgblight_effect_rainbow_swirl
                0x00000000000021a4       0x7a C:\Users\user\AppData\Local\Temp\ccOH6mC8.ltrans0.ltrans.o
 .text.rgblight_setrgb
                0x000000000000221e       0x32 C:\Users\user\AppData\Local\Temp\ccOH6mC8.ltrans0.ltrans.o
 .text.rgblight_effect_rgbtest
                0x0000000000002250       0x7e C:\Users\user\AppData\Local\Temp\ccOH6mC8.ltrans0.ltrans.o
 .text.rgblight_sethsv_noeeprom_old
                0x00000000000022ce       0x34 C:\Users\user\AppData\Local\Temp\ccOH6mC8.ltrans0.ltrans.o
 .text.rgblight_effect_rainbow_mood
                0x0000000000002302       0x20 C:\Users\user\AppData\Local\Temp\ccOH6mC8.ltrans0.ltrans.o
 .text.rgblight_effect_breathing
                0x0000000000002322       0x28 C:\Users\user\AppData\Local\Temp\ccOH6mC8.ltrans0.ltrans.o
 .text.transaction_handler_master.isra.2
                0x000000000000234a       0x88 C:\Users\user\AppData\Local\Temp\ccOH6mC8.ltrans0.ltrans.o
 .text.is_keyboard_master
                0x00000000000023d2       0x46 C:\Users\user\AppData\Local\Temp\ccOH6mC8.ltrans0.ltrans.o
 .text.host_keyboard_leds
                0x0000000000002418       0x20 C:\Users\user\AppData\Local\Temp\ccOH6mC8.ltrans0.ltrans.o
 .text.sync_timer_read32
                0x0000000000002438       0x36 C:\Users\user\AppData\Local\Temp\ccOH6mC8.ltrans0.ltrans.o
 .text.i2c_transmit_P.constprop.35
                0x000000000000246e       0x60 C:\Users\user\AppData\Local\Temp\ccOH6mC8.ltrans0.ltrans.o
 .text.oled_off
                0x00000000000024ce       0x36 C:\Users\user\AppData\Local\Temp\ccOH6mC8.ltrans0.ltrans.o
 .text.oled_on  0x0000000000002504       0x50 C:\Users\user\AppData\Local\Temp\ccOH6mC8.ltrans0.ltrans.o
 .text.rgblight_effect_twinkle
                0x0000000000002554      0x1bc C:\Users\user\AppData\Local\Temp\ccOH6mC8.ltrans0.ltrans.o
 .text.eeconfig_update_rgblight
                0x0000000000002710       0x24 C:\Users\user\AppData\Local\Temp\ccOH6mC8.ltrans0.ltrans.o
 .text.rgblight_sethsv_eeprom_helper
                0x0000000000002734      0x146 C:\Users\user\AppData\Local\Temp\ccOH6mC8.ltrans0.ltrans.o
 .text.rgblight_decrease_val
                0x000000000000287a       0x18 C:\Users\user\AppData\Local\Temp\ccOH6mC8.ltrans0.ltrans.o
 .text.rgblight_increase_val
                0x0000000000002892       0x18 C:\Users\user\AppData\Local\Temp\ccOH6mC8.ltrans0.ltrans.o
 .text.rgblight_decrease_sat
                0x00000000000028aa       0x18 C:\Users\user\AppData\Local\Temp\ccOH6mC8.ltrans0.ltrans.o
 .text.rgblight_increase_sat
                0x00000000000028c2       0x18 C:\Users\user\AppData\Local\Temp\ccOH6mC8.ltrans0.ltrans.o
 .text.rgblight_decrease_hue
                0x00000000000028da       0x12 C:\Users\user\AppData\Local\Temp\ccOH6mC8.ltrans0.ltrans.o
 .text.rgblight_increase_hue
                0x00000000000028ec       0x12 C:\Users\user\AppData\Local\Temp\ccOH6mC8.ltrans0.ltrans.o
 .text.rgblight_decrease_speed
                0x00000000000028fe       0x22 C:\Users\user\AppData\Local\Temp\ccOH6mC8.ltrans0.ltrans.o
 .text.rgblight_increase_speed
                0x0000000000002920       0x22 C:\Users\user\AppData\Local\Temp\ccOH6mC8.ltrans0.ltrans.o
 .text.eeconfig_update_rgblight_default
                0x0000000000002942       0x30 C:\Users\user\AppData\Local\Temp\ccOH6mC8.ltrans0.ltrans.o
 .text.eeconfig_read_keymap
                0x0000000000002972       0x1c C:\Users\user\AppData\Local\Temp\ccOH6mC8.ltrans0.ltrans.o
 .text.sync_timer_handlers_master
                0x000000000000298e       0xb6 C:\Users\user\AppData\Local\Temp\ccOH6mC8.ltrans0.ltrans.o
 .text.rgblight_handlers_master
                0x0000000000002a44       0xd4 C:\Users\user\AppData\Local\Temp\ccOH6mC8.ltrans0.ltrans.o
 .text.slave_matrix_handlers_master
                0x0000000000002b18      0x152 C:\Users\user\AppData\Local\Temp\ccOH6mC8.ltrans0.ltrans.o
 .text.eeconfig_init_quantum
                0x0000000000002c6a       0xd6 C:\Users\user\AppData\Local\Temp\ccOH6mC8.ltrans0.ltrans.o
 .text.__vector_10
                0x0000000000002d40      0x1b2 C:\Users\user\AppData\Local\Temp\ccOH6mC8.ltrans0.ltrans.o
                0x0000000000002d40                __vector_10
 .text.__vector_21
                0x0000000000002ef2       0x48 C:\Users\user\AppData\Local\Temp\ccOH6mC8.ltrans0.ltrans.o
                0x0000000000002ef2                __vector_21
 .text.timer_elapsed
                0x0000000000002f3a       0x1e C:\Users\user\AppData\Local\Temp\ccOH6mC8.ltrans0.ltrans.o
                0x0000000000002f3a                timer_elapsed
 .text.timer_read
                0x0000000000002f58       0x18 C:\Users\user\AppData\Local\Temp\ccOH6mC8.ltrans0.ltrans.o
                0x0000000000002f58                timer_read
 .text.mousekey_send
                0x0000000000002f70       0x4e C:\Users\user\AppData\Local\Temp\ccOH6mC8.ltrans0.ltrans.o
 .text.clear_keyboard_but_mods_and_keys
                0x0000000000002fbe       0x36 C:\Users\user\AppData\Local\Temp\ccOH6mC8.ltrans0.ltrans.o
 .text.layer_state_set
                0x0000000000002ff4       0x14 C:\Users\user\AppData\Local\Temp\ccOH6mC8.ltrans0.ltrans.o
 .text.layer_off
                0x0000000000003008       0x46 C:\Users\user\AppData\Local\Temp\ccOH6mC8.ltrans0.ltrans.o
 .text.clear_oneshot_layer_state
                0x000000000000304e       0x38 C:\Users\user\AppData\Local\Temp\ccOH6mC8.ltrans0.ltrans.o
 .text.oneshot_set
                0x0000000000003086       0x3a C:\Users\user\AppData\Local\Temp\ccOH6mC8.ltrans0.ltrans.o
 .text.layer_on
                0x00000000000030c0       0x42 C:\Users\user\AppData\Local\Temp\ccOH6mC8.ltrans0.ltrans.o
 .text.default_layer_state_set
                0x0000000000003102       0x14 C:\Users\user\AppData\Local\Temp\ccOH6mC8.ltrans0.ltrans.o
 .text.clear_keyboard
                0x0000000000003116       0x2a C:\Users\user\AppData\Local\Temp\ccOH6mC8.ltrans0.ltrans.o
 .text.USB_Device_ProcessControlRequest
                0x0000000000003140      0x578 C:\Users\user\AppData\Local\Temp\ccOH6mC8.ltrans0.ltrans.o
 .text.__vector_11
                0x00000000000036b8       0x88 C:\Users\user\AppData\Local\Temp\ccOH6mC8.ltrans0.ltrans.o
                0x00000000000036b8                __vector_11
 .text.unregister_code
                0x0000000000003740       0x64 C:\Users\user\AppData\Local\Temp\ccOH6mC8.ltrans0.ltrans.o
 .text.register_code
                0x00000000000037a4       0xec C:\Users\user\AppData\Local\Temp\ccOH6mC8.ltrans0.ltrans.o
 .text.perform_space_cadet.constprop.36
                0x0000000000003890       0xce C:\Users\user\AppData\Local\Temp\ccOH6mC8.ltrans0.ltrans.o
 .text.sync_timer_read
                0x000000000000395e       0x12 C:\Users\user\AppData\Local\Temp\ccOH6mC8.ltrans0.ltrans.o
 .text.rgblight_timer_enable
                0x0000000000003970       0x36 C:\Users\user\AppData\Local\Temp\ccOH6mC8.ltrans0.ltrans.o
 .text.rgblight_mode_eeprom_helper
                0x00000000000039a6       0x80 C:\Users\user\AppData\Local\Temp\ccOH6mC8.ltrans0.ltrans.o
 .text.rgblight_step_reverse
                0x0000000000003a26       0x12 C:\Users\user\AppData\Local\Temp\ccOH6mC8.ltrans0.ltrans.o
 .text.rgblight_step
                0x0000000000003a38       0x14 C:\Users\user\AppData\Local\Temp\ccOH6mC8.ltrans0.ltrans.o
 .text.handleKeycodeRGBMode
                0x0000000000003a4c       0x1c C:\Users\user\AppData\Local\Temp\ccOH6mC8.ltrans0.ltrans.o
 .text.process_record
                0x0000000000003a68      0xcb8 C:\Users\user\AppData\Local\Temp\ccOH6mC8.ltrans0.ltrans.o
 .text.waiting_buffer_scan_tap
                0x0000000000004720       0xac C:\Users\user\AppData\Local\Temp\ccOH6mC8.ltrans0.ltrans.o
 .text.process_tapping
                0x00000000000047cc      0x2f2 C:\Users\user\AppData\Local\Temp\ccOH6mC8.ltrans0.ltrans.o
 .text.action_exec
                0x0000000000004abe      0x120 C:\Users\user\AppData\Local\Temp\ccOH6mC8.ltrans0.ltrans.o
 .text.matrix_scan
                0x0000000000004bde      0x3cc C:\Users\user\AppData\Local\Temp\ccOH6mC8.ltrans0.ltrans.o
 .text.__vector_12
                0x0000000000004faa       0x4e C:\Users\user\AppData\Local\Temp\ccOH6mC8.ltrans0.ltrans.o
                0x0000000000004faa                __vector_12
 .text.startup.main
                0x0000000000004ff8      0xab6 C:\Users\user\AppData\Local\Temp\ccOH6mC8.ltrans0.ltrans.o
                0x0000000000004ff8                main
 .text.i2c_init
                0x0000000000005aae        0xc .build/obj_crkbd_rev1_hikdul/i2c_master.a(i2c_master.o)
                0x0000000000005aae                i2c_init
 .text.i2c_start
                0x0000000000005aba       0xf4 .build/obj_crkbd_rev1_hikdul/i2c_master.a(i2c_master.o)
                0x0000000000005aba                i2c_start
 .text.i2c_write
                0x0000000000005bae       0x5e .build/obj_crkbd_rev1_hikdul/i2c_master.a(i2c_master.o)
                0x0000000000005bae                i2c_write
 .text.i2c_transmit
                0x0000000000005c0c       0x4e .build/obj_crkbd_rev1_hikdul/i2c_master.a(i2c_master.o)
                0x0000000000005c0c                i2c_transmit
 .text.i2c_writeReg
                0x0000000000005c5a       0x5a .build/obj_crkbd_rev1_hikdul/i2c_master.a(i2c_master.o)
                0x0000000000005c5a                i2c_writeReg
 .text.i2c_stop
                0x0000000000005cb4        0x8 .build/obj_crkbd_rev1_hikdul/i2c_master.a(i2c_master.o)
                0x0000000000005cb4                i2c_stop
 .text.sync_recv
                0x0000000000005cbc       0x10 .build/obj_crkbd_rev1_hikdul/serial.a(serial.o)
 .text.sync_send
                0x0000000000005ccc        0xc .build/obj_crkbd_rev1_hikdul/serial.a(serial.o)
 .text.serial_read_chunk.constprop.0
                0x0000000000005cd8       0x58 .build/obj_crkbd_rev1_hikdul/serial.a(serial.o)
 .text.serial_recive_packet
                0x0000000000005d30       0x4e .build/obj_crkbd_rev1_hikdul/serial.a(serial.o)
 .text.soft_serial_initiator_init
                0x0000000000005d7e        0x6 .build/obj_crkbd_rev1_hikdul/serial.a(serial.o)
                0x0000000000005d7e                soft_serial_initiator_init
 .text.soft_serial_target_init
                0x0000000000005d84       0x12 .build/obj_crkbd_rev1_hikdul/serial.a(serial.o)
                0x0000000000005d84                soft_serial_target_init
 .text.serial_write_chunk
                0x0000000000005d96       0x42 .build/obj_crkbd_rev1_hikdul/serial.a(serial.o)
                0x0000000000005d96                serial_write_chunk
 .text.serial_send_packet
                0x0000000000005dd8       0x34 .build/obj_crkbd_rev1_hikdul/serial.a(serial.o)
 .text.__vector_3
                0x0000000000005e0c      0x14c .build/obj_crkbd_rev1_hikdul/serial.a(serial.o)
                0x0000000000005e0c                __vector_3
 .text.soft_serial_transaction
                0x0000000000005f58       0xec .build/obj_crkbd_rev1_hikdul/serial.a(serial.o)
                0x0000000000005f58                soft_serial_transaction
 .text.libgcc.div
                0x0000000000006044       0x28 c:/qmk_msys/mingw64/bin/../lib/gcc/avr/8.4.0/avr5\libgcc.a(_udivmodhi4.o)
                0x0000000000006044                __udivmodhi4
 .text.libgcc.div
                0x000000000000606c       0x18 c:/qmk_msys/mingw64/bin/../lib/gcc/avr/8.4.0/avr5\libgcc.a(_udivmodqi4.o)
                0x000000000000606c                __udivmodqi4
 .text.libgcc.div
                0x0000000000006084       0x1c c:/qmk_msys/mingw64/bin/../lib/gcc/avr/8.4.0/avr5\libgcc.a(_divmodqi4.o)
                0x0000000000006084                __divmodqi4
 .text.libgcc.div
                0x00000000000060a0       0x28 c:/qmk_msys/mingw64/bin/../lib/gcc/avr/8.4.0/avr5\libgcc.a(_divmodhi4.o)
                0x00000000000060a0                _div
                0x00000000000060a0                __divmodhi4
 .text.libgcc   0x00000000000060c8        0xc c:/qmk_msys/mingw64/bin/../lib/gcc/avr/8.4.0/avr5\libgcc.a(_tablejump2.o)
                0x00000000000060c8                __tablejump2__
 .text.libgcc.mul
                0x00000000000060d4       0x10 c:/qmk_msys/mingw64/bin/../lib/gcc/avr/8.4.0/avr5\libgcc.a(_mulhisi3.o)
                0x00000000000060d4                __mulhisi3
 .text.libgcc.mul
                0x00000000000060e4        0xe c:/qmk_msys/mingw64/bin/../lib/gcc/avr/8.4.0/avr5\libgcc.a(_usmulhisi3.o)
                0x00000000000060e4                __usmulhisi3
                0x00000000000060e8                __usmulhisi3_tail
 .text.libgcc.prologue
                0x00000000000060f2       0x38 c:/qmk_msys/mingw64/bin/../lib/gcc/avr/8.4.0/avr5\libgcc.a(_prologue.o)
                0x00000000000060f2                __prologue_saves__
 .text.libgcc.prologue
                0x000000000000612a       0x36 c:/qmk_msys/mingw64/bin/../lib/gcc/avr/8.4.0/avr5\libgcc.a(_epilogue.o)
                0x000000000000612a                __epilogue_restores__
 .text.avr-libc
                0x0000000000006160       0xb8 c:/qmk_msys/mingw64/bin/../lib/gcc/avr/8.4.0/../../../../avr/lib/avr5\libc.a(rand.o)
                0x00000000000061f2                rand_r
                0x00000000000061f8                rand
                0x0000000000006202                srand
 .text.avr-libc
                0x0000000000006218       0x12 c:/qmk_msys/mingw64/bin/../lib/gcc/avr/8.4.0/../../../../avr/lib/avr5\libc.a(memcpy_P.o)
                0x0000000000006218                memcpy_P
 .text.avr-libc
                0x000000000000622a       0x1a c:/qmk_msys/mingw64/bin/../lib/gcc/avr/8.4.0/../../../../avr/lib/avr5\libc.a(memchr.o)
                0x000000000000622a                memchr
 .text.avr-libc
                0x0000000000006244       0x1a c:/qmk_msys/mingw64/bin/../lib/gcc/avr/8.4.0/../../../../avr/lib/avr5\libc.a(memcmp.o)
                0x0000000000006244                memcmp
 .text.avr-libc
                0x000000000000625e       0x12 c:/qmk_msys/mingw64/bin/../lib/gcc/avr/8.4.0/../../../../avr/lib/avr5\libc.a(memcpy.o)
                0x000000000000625e                memcpy
 .text.avr-libc
                0x0000000000006270       0x60 c:/qmk_msys/mingw64/bin/../lib/gcc/avr/8.4.0/../../../../avr/lib/avr5\libc.a(snprintf.o)
                0x0000000000006270                snprintf
 .text.avr-libc
                0x00000000000062d0      0x396 c:/qmk_msys/mingw64/bin/../lib/gcc/avr/8.4.0/../../../../avr/lib/avr5\libc.a(vfprintf_std.o)
                0x00000000000062d0                vfprintf
 .text.avr-libc
                0x0000000000006666       0x16 c:/qmk_msys/mingw64/bin/../lib/gcc/avr/8.4.0/../../../../avr/lib/avr5\libc.a(strnlen_P.o)
                0x0000000000006666                strnlen_P
 .text.avr-libc
                0x000000000000667c       0x16 c:/qmk_msys/mingw64/bin/../lib/gcc/avr/8.4.0/../../../../avr/lib/avr5\libc.a(strnlen.o)
                0x000000000000667c                strnlen
 .text.avr-libc
                0x0000000000006692       0x60 c:/qmk_msys/mingw64/bin/../lib/gcc/avr/8.4.0/../../../../avr/lib/avr5\libc.a(fputc.o)
                0x0000000000006692                fputc
 .text.avr-libc
                0x00000000000066f2       0xbc c:/qmk_msys/mingw64/bin/../lib/gcc/avr/8.4.0/../../../../avr/lib/avr5\libc.a(ultoa_invert.o)
                0x00000000000066f2                __ultoa_invert
 .text.avr-libc
                0x00000000000067ae       0x10 c:/qmk_msys/mingw64/bin/../lib/gcc/avr/8.4.0/../../../../avr/lib/avr5\libatmega32u4.a(eerd_byte.o)
                0x00000000000067ae                eeprom_read_byte
 .text.avr-libc
                0x00000000000067be        0xc c:/qmk_msys/mingw64/bin/../lib/gcc/avr/8.4.0/../../../../avr/lib/avr5\libatmega32u4.a(eerd_dword.o)
                0x00000000000067be                eeprom_read_float
                0x00000000000067be                eeprom_read_dword
 .text.avr-libc
                0x00000000000067ca        0xc c:/qmk_msys/mingw64/bin/../lib/gcc/avr/8.4.0/../../../../avr/lib/avr5\libatmega32u4.a(eerd_word.o)
                0x00000000000067ca                eeprom_read_word
 .text.avr-libc
                0x00000000000067d6       0x24 c:/qmk_msys/mingw64/bin/../lib/gcc/avr/8.4.0/../../../../avr/lib/avr5\libatmega32u4.a(eeupd_byte.o)
                0x00000000000067d6                eeprom_update_byte
                0x00000000000067d8                eeprom_update_r18
 .text.avr-libc
                0x00000000000067fa       0x18 c:/qmk_msys/mingw64/bin/../lib/gcc/avr/8.4.0/../../../../avr/lib/avr5\libatmega32u4.a(eeupd_dword.o)
                0x00000000000067fa                eeprom_update_float
                0x00000000000067fa                eeprom_update_dword
 .text.avr-libc
                0x0000000000006812        0xc c:/qmk_msys/mingw64/bin/../lib/gcc/avr/8.4.0/../../../../avr/lib/avr5\libatmega32u4.a(eeupd_word.o)
                0x0000000000006812                eeprom_update_word
 .text.avr-libc
                0x000000000000681e       0x20 c:/qmk_msys/mingw64/bin/../lib/gcc/avr/8.4.0/../../../../avr/lib/avr5\libatmega32u4.a(eerd_block.o)
                0x000000000000681e                eeprom_read_block
                0x0000000000006822                eeprom_read_blraw
 .text.libgcc.div
                0x000000000000683e       0x2e c:/qmk_msys/mingw64/bin/../lib/gcc/avr/8.4.0/avr5\libgcc.a(_divmodsi4.o)
                0x000000000000683e                __divmodsi4
 .text.libgcc.div
                0x000000000000686c       0x10 c:/qmk_msys/mingw64/bin/../lib/gcc/avr/8.4.0/avr5\libgcc.a(_negsi2.o)
                0x000000000000686c                __negsi2
 .text.libgcc.mul
                0x000000000000687c       0x16 c:/qmk_msys/mingw64/bin/../lib/gcc/avr/8.4.0/avr5\libgcc.a(_muluhisi3.o)
                0x000000000000687c                __muluhisi3
 .text.libgcc.mul
                0x0000000000006892       0x10 c:/qmk_msys/mingw64/bin/../lib/gcc/avr/8.4.0/avr5\libgcc.a(_mulshisi3.o)
                0x0000000000006892                __mulshisi3
                0x0000000000006898                __mulohisi3
 .text.libgcc.div
                0x00000000000068a2       0x44 c:/qmk_msys/mingw64/bin/../lib/gcc/avr/8.4.0/avr5\libgcc.a(_udivmodsi4.o)
                0x00000000000068a2                __udivmodsi4
 .text.libgcc.mul
                0x00000000000068e6       0x1e c:/qmk_msys/mingw64/bin/../lib/gcc/avr/8.4.0/avr5\libgcc.a(_umulhisi3.o)
                0x00000000000068e6                __umulhisi3
                0x0000000000006904                . = ALIGN (0x2)
 *(.fini9)
 .fini9         0x0000000000006904        0x0 c:/qmk_msys/mingw64/bin/../lib/gcc/avr/8.4.0/avr5\libgcc.a(_exit.o)
                0x0000000000006904                _exit
                0x0000000000006904                exit
 *(.fini9)
 *(.fini8)
 *(.fini8)
 *(.fini7)
 *(.fini7)
 *(.fini6)
 *(.fini6)
 *(.fini5)
 *(.fini5)
 *(.fini4)
 *(.fini4)
 *(.fini3)
 *(.fini3)
 *(.fini2)
 *(.fini2)
 *(.fini1)
 *(.fini1)
 *(.fini0)
 .fini0         0x0000000000006904        0x4 c:/qmk_msys/mingw64/bin/../lib/gcc/avr/8.4.0/avr5\libgcc.a(_exit.o)
 *(.fini0)
 *(.hightext)
 *(.hightext*)
 *(.progmemx.*)
                0x0000000000006908                . = ALIGN (0x2)
 *(.jumptables)
 *(.jumptables*)
 .jumptables.gcc.USB_Device_ProcessControlRequest
                0x0000000000006908       0x14 C:\Users\user\AppData\Local\Temp\ccOH6mC8.ltrans0.ltrans.o
 .jumptables.gcc.process_record
                0x000000000000691c       0x18 C:\Users\user\AppData\Local\Temp\ccOH6mC8.ltrans0.ltrans.o
 .jumptables.gcc.main
                0x0000000000006934       0x1e C:\Users\user\AppData\Local\Temp\ccOH6mC8.ltrans0.ltrans.o
                0x0000000000006952                _etext = .

.data           0x0000000000800100      0x10a load address 0x0000000000006952
                0x0000000000800100                PROVIDE (__data_start = .)
 *(.data)
 .data          0x0000000000800100        0x4 c:/qmk_msys/mingw64/bin/../lib/gcc/avr/8.4.0/../../../../avr/lib/avr5\libc.a(rand.o)
 *(.data*)
 .data.split_transaction_table
                0x0000000000800104       0x20 C:\Users\user\AppData\Local\Temp\ccOH6mC8.ltrans0.ltrans.o
                0x0000000000800104                split_transaction_table
 .data.isLeftHand
                0x0000000000800124        0x1 C:\Users\user\AppData\Local\Temp\ccOH6mC8.ltrans0.ltrans.o
 .data.lufa_driver
                0x0000000000800125        0xc C:\Users\user\AppData\Local\Temp\ccOH6mC8.ltrans0.ltrans.o
 .data.display_start.2166
                0x0000000000800131        0x7 C:\Users\user\AppData\Local\Temp\ccOH6mC8.ltrans0.ltrans.o
 .data.static_effect_table
                0x0000000000800138        0xb C:\Users\user\AppData\Local\Temp\ccOH6mC8.ltrans0.ltrans.o
 .data.increment.3467
                0x0000000000800143        0x1 C:\Users\user\AppData\Local\Temp\ccOH6mC8.ltrans0.ltrans.o
 .data.high_bound.3466
                0x0000000000800144        0x1 C:\Users\user\AppData\Local\Temp\ccOH6mC8.ltrans0.ltrans.o
 .data.increment.3479
                0x0000000000800145        0x1 C:\Users\user\AppData\Local\Temp\ccOH6mC8.ltrans0.ltrans.o
 .data.rgblight_ranges
                0x0000000000800146        0x5 C:\Users\user\AppData\Local\Temp\ccOH6mC8.ltrans0.ltrans.o
 .data.keyboard_protocol
                0x000000000080014b        0x1 C:\Users\user\AppData\Local\Temp\ccOH6mC8.ltrans0.ltrans.o
 *(.gnu.linkonce.d*)
 *(.rodata)
 *(.rodata*)
 .rodata.process_record.str1.1
                0x000000000080014c       0x11 C:\Users\user\AppData\Local\Temp\ccOH6mC8.ltrans0.ltrans.o
 .rodata.code_to_name
                0x000000000080015d       0x3c C:\Users\user\AppData\Local\Temp\ccOH6mC8.ltrans0.ltrans.o
 .rodata.CSWTCH.11
                0x0000000000800199        0x3 C:\Users\user\AppData\Local\Temp\ccOH6mC8.ltrans0.ltrans.o
 .rodata.CSWTCH.12
                0x000000000080019c       0x2e C:\Users\user\AppData\Local\Temp\ccOH6mC8.ltrans0.ltrans.o
 .rodata.split_shmem
                0x00000000008001ca        0x2 C:\Users\user\AppData\Local\Temp\ccOH6mC8.ltrans0.ltrans.o
                0x00000000008001ca                split_shmem
 .rodata.row_pins
                0x00000000008001cc        0x4 C:\Users\user\AppData\Local\Temp\ccOH6mC8.ltrans0.ltrans.o
 .rodata.col_pins
                0x00000000008001d0        0x6 C:\Users\user\AppData\Local\Temp\ccOH6mC8.ltrans0.ltrans.o
 .rodata.source_map.2167
                0x00000000008001d6        0x4 C:\Users\user\AppData\Local\Temp\ccOH6mC8.ltrans0.ltrans.o
 .rodata.target_map.2168
                0x00000000008001da        0x4 C:\Users\user\AppData\Local\Temp\ccOH6mC8.ltrans0.ltrans.o
 .rodata.mode_base_table
                0x00000000008001de       0x2b C:\Users\user\AppData\Local\Temp\ccOH6mC8.ltrans0.ltrans.o
 *(.gnu.linkonce.r*)
                0x000000000080020a                . = ALIGN (0x2)
 *fill*         0x0000000000800209        0x1 
                0x000000000080020a                _edata = .
                0x000000000080020a                PROVIDE (__data_end = .)

.bss            0x000000000080020a      0x553
                0x000000000080020a                PROVIDE (__bss_start = .)
 *(.bss)
 .bss           0x000000000080020a        0x2 .build/obj_crkbd_rev1_hikdul/platforms/avr/xprintf.o
                0x000000000080020a                xfunc_out
 *(.bss*)
 .bss.__compound_literal.0
                0x000000000080020c       0x20 C:\Users\user\AppData\Local\Temp\ccOH6mC8.ltrans0.ltrans.o
 .bss.grave_esc_was_shifted
                0x000000000080022c        0x1 C:\Users\user\AppData\Local\Temp\ccOH6mC8.ltrans0.ltrans.o
 .bss.source_layers_cache
                0x000000000080022d       0x1e C:\Users\user\AppData\Local\Temp\ccOH6mC8.ltrans0.ltrans.o
 .bss.tapping_key
                0x000000000080024b        0x6 C:\Users\user\AppData\Local\Temp\ccOH6mC8.ltrans0.ltrans.o
 .bss.waiting_buffer_head
                0x0000000000800251        0x1 C:\Users\user\AppData\Local\Temp\ccOH6mC8.ltrans0.ltrans.o
 .bss.waiting_buffer
                0x0000000000800252       0x30 C:\Users\user\AppData\Local\Temp\ccOH6mC8.ltrans0.ltrans.o
 .bss.waiting_buffer_tail
                0x0000000000800282        0x1 C:\Users\user\AppData\Local\Temp\ccOH6mC8.ltrans0.ltrans.o
 .bss.oneshot_layer_data
                0x0000000000800283        0x1 C:\Users\user\AppData\Local\Temp\ccOH6mC8.ltrans0.ltrans.o
 .bss.last_report.5376
                0x0000000000800284       0x20 C:\Users\user\AppData\Local\Temp\ccOH6mC8.ltrans0.ltrans.o
 .bss.weak_mods
                0x00000000008002a4        0x1 C:\Users\user\AppData\Local\Temp\ccOH6mC8.ltrans0.ltrans.o
 .bss.real_mods
                0x00000000008002a5        0x1 C:\Users\user\AppData\Local\Temp\ccOH6mC8.ltrans0.ltrans.o
 .bss.oneshot_mods
                0x00000000008002a6        0x1 C:\Users\user\AppData\Local\Temp\ccOH6mC8.ltrans0.ltrans.o
 .bss.default_layer_state
                0x00000000008002a7        0x4 C:\Users\user\AppData\Local\Temp\ccOH6mC8.ltrans0.ltrans.o
 .bss.debouncing_time
                0x00000000008002ab        0x2 C:\Users\user\AppData\Local\Temp\ccOH6mC8.ltrans0.ltrans.o
 .bss.debouncing
                0x00000000008002ad        0x1 C:\Users\user\AppData\Local\Temp\ccOH6mC8.ltrans0.ltrans.o
 .bss.connection_check_timer.6761
                0x00000000008002ae        0x2 C:\Users\user\AppData\Local\Temp\ccOH6mC8.ltrans0.ltrans.o
 .bss.last_sync_timer.6840
                0x00000000008002b0        0x4 C:\Users\user\AppData\Local\Temp\ccOH6mC8.ltrans0.ltrans.o
 .bss.last_connected.6808
                0x00000000008002b4        0x1 C:\Users\user\AppData\Local\Temp\ccOH6mC8.ltrans0.ltrans.o
 .bss.usbstate.6746
                0x00000000008002b5        0x1 C:\Users\user\AppData\Local\Temp\ccOH6mC8.ltrans0.ltrans.o
 .bss.last_matrix.6822
                0x00000000008002b6        0x4 C:\Users\user\AppData\Local\Temp\ccOH6mC8.ltrans0.ltrans.o
 .bss.last_update.6821
                0x00000000008002ba        0x4 C:\Users\user\AppData\Local\Temp\ccOH6mC8.ltrans0.ltrans.o
 .bss.last_update.6833
                0x00000000008002be        0x4 C:\Users\user\AppData\Local\Temp\ccOH6mC8.ltrans0.ltrans.o
 .bss.shared_memory
                0x00000000008002c2       0x11 C:\Users\user\AppData\Local\Temp\ccOH6mC8.ltrans0.ltrans.o
 .bss.last_update.6845
                0x00000000008002d3        0x4 C:\Users\user\AppData\Local\Temp\ccOH6mC8.ltrans0.ltrans.o
 .bss.connection_errors
                0x00000000008002d7        0x1 C:\Users\user\AppData\Local\Temp\ccOH6mC8.ltrans0.ltrans.o
 .bss.sync_timer_ms
                0x00000000008002d8        0x4 C:\Users\user\AppData\Local\Temp\ccOH6mC8.ltrans0.ltrans.o
 .bss.raw_matrix
                0x00000000008002dc        0x8 C:\Users\user\AppData\Local\Temp\ccOH6mC8.ltrans0.ltrans.o
 .bss.thatHand  0x00000000008002e4        0x1 C:\Users\user\AppData\Local\Temp\ccOH6mC8.ltrans0.ltrans.o
 .bss.thisHand  0x00000000008002e5        0x1 C:\Users\user\AppData\Local\Temp\ccOH6mC8.ltrans0.ltrans.o
 .bss.is_rgblight_initialized
                0x00000000008002e6        0x1 C:\Users\user\AppData\Local\Temp\ccOH6mC8.ltrans0.ltrans.o
 .bss.matrix    0x00000000008002e7        0x8 C:\Users\user\AppData\Local\Temp\ccOH6mC8.ltrans0.ltrans.o
 .bss.debug_config
                0x00000000008002ef        0x1 C:\Users\user\AppData\Local\Temp\ccOH6mC8.ltrans0.ltrans.o
 .bss.matrix_prev.6808
                0x00000000008002f0        0x8 C:\Users\user\AppData\Local\Temp\ccOH6mC8.ltrans0.ltrans.o
 .bss.report_last_timer.3416
                0x00000000008002f8        0x2 C:\Users\user\AppData\Local\Temp\ccOH6mC8.ltrans0.ltrans.o
 .bss.tick_flag.3417
                0x00000000008002fa        0x1 C:\Users\user\AppData\Local\Temp\ccOH6mC8.ltrans0.ltrans.o
 .bss.layer_state
                0x00000000008002fb        0x4 C:\Users\user\AppData\Local\Temp\ccOH6mC8.ltrans0.ltrans.o
 .bss.keylog_str
                0x00000000008002ff       0x18 C:\Users\user\AppData\Local\Temp\ccOH6mC8.ltrans0.ltrans.o
 .bss.temp_buffer.2169
                0x0000000000800317       0x20 C:\Users\user\AppData\Local\Temp\ccOH6mC8.ltrans0.ltrans.o
 .bss.oled_rotation
                0x0000000000800337        0x1 C:\Users\user\AppData\Local\Temp\ccOH6mC8.ltrans0.ltrans.o
 .bss.oled_scrolling
                0x0000000000800338        0x1 C:\Users\user\AppData\Local\Temp\ccOH6mC8.ltrans0.ltrans.o
 .bss.oled_update_timeout
                0x0000000000800339        0x2 C:\Users\user\AppData\Local\Temp\ccOH6mC8.ltrans0.ltrans.o
 .bss.last_led_status.4878
                0x000000000080033b        0x1 C:\Users\user\AppData\Local\Temp\ccOH6mC8.ltrans0.ltrans.o
 .bss.mousekey_wheel_repeat
                0x000000000080033c        0x1 C:\Users\user\AppData\Local\Temp\ccOH6mC8.ltrans0.ltrans.o
 .bss.mousekey_repeat
                0x000000000080033d        0x1 C:\Users\user\AppData\Local\Temp\ccOH6mC8.ltrans0.ltrans.o
 .bss.mousekey_accel
                0x000000000080033e        0x1 C:\Users\user\AppData\Local\Temp\ccOH6mC8.ltrans0.ltrans.o
 .bss.last_timer_w
                0x000000000080033f        0x2 C:\Users\user\AppData\Local\Temp\ccOH6mC8.ltrans0.ltrans.o
 .bss.last_timer_c
                0x0000000000800341        0x2 C:\Users\user\AppData\Local\Temp\ccOH6mC8.ltrans0.ltrans.o
 .bss.mouse_report
                0x0000000000800343        0x6 C:\Users\user\AppData\Local\Temp\ccOH6mC8.ltrans0.ltrans.o
 .bss.animation_status
                0x0000000000800349        0x6 C:\Users\user\AppData\Local\Temp\ccOH6mC8.ltrans0.ltrans.o
 .bss.rgblight_status
                0x000000000080034f        0x3 C:\Users\user\AppData\Local\Temp\ccOH6mC8.ltrans0.ltrans.o
 .bss.pos.3449  0x0000000000800352        0x1 C:\Users\user\AppData\Local\Temp\ccOH6mC8.ltrans0.ltrans.o
 .bss.low_bound.3465
                0x0000000000800353        0x1 C:\Users\user\AppData\Local\Temp\ccOH6mC8.ltrans0.ltrans.o
 .bss.maxval.3494
                0x0000000000800354        0x1 C:\Users\user\AppData\Local\Temp\ccOH6mC8.ltrans0.ltrans.o
 .bss.led       0x0000000000800355       0xa2 C:\Users\user\AppData\Local\Temp\ccOH6mC8.ltrans0.ltrans.o
 .bss.led_twinkle_state
                0x00000000008003f7      0x10e C:\Users\user\AppData\Local\Temp\ccOH6mC8.ltrans0.ltrans.o
 .bss.rgblight_config
                0x0000000000800505        0x5 C:\Users\user\AppData\Local\Temp\ccOH6mC8.ltrans0.ltrans.o
 .bss.oled_timeout
                0x000000000080050a        0x4 C:\Users\user\AppData\Local\Temp\ccOH6mC8.ltrans0.ltrans.o
 .bss.oled_active
                0x000000000080050e        0x1 C:\Users\user\AppData\Local\Temp\ccOH6mC8.ltrans0.ltrans.o
 .bss.oled_initialized
                0x000000000080050f        0x1 C:\Users\user\AppData\Local\Temp\ccOH6mC8.ltrans0.ltrans.o
 .bss.last_system_report
                0x0000000000800510        0x2 C:\Users\user\AppData\Local\Temp\ccOH6mC8.ltrans0.ltrans.o
 .bss.driver    0x0000000000800512        0x2 C:\Users\user\AppData\Local\Temp\ccOH6mC8.ltrans0.ltrans.o
 .bss.last_consumer_report
                0x0000000000800514        0x2 C:\Users\user\AppData\Local\Temp\ccOH6mC8.ltrans0.ltrans.o
 .bss.wdt_timeout
                0x0000000000800516        0x1 C:\Users\user\AppData\Local\Temp\ccOH6mC8.ltrans0.ltrans.o
 .bss.timer_count
                0x0000000000800517        0x4 C:\Users\user\AppData\Local\Temp\ccOH6mC8.ltrans0.ltrans.o
 .bss.keymap_config
                0x000000000080051b        0x2 C:\Users\user\AppData\Local\Temp\ccOH6mC8.ltrans0.ltrans.o
 .bss.r.6833    0x000000000080051d        0x3 C:\Users\user\AppData\Local\Temp\ccOH6mC8.ltrans0.ltrans.o
 .bss.USB_IsInitialized
                0x0000000000800520        0x1 C:\Users\user\AppData\Local\Temp\ccOH6mC8.ltrans0.ltrans.o
 .bss.keyboard_idle
                0x0000000000800521        0x1 C:\Users\user\AppData\Local\Temp\ccOH6mC8.ltrans0.ltrans.o
 .bss.keyboard_led_state
                0x0000000000800522        0x1 C:\Users\user\AppData\Local\Temp\ccOH6mC8.ltrans0.ltrans.o
 .bss.keyboard_report_sent
                0x0000000000800523       0x20 C:\Users\user\AppData\Local\Temp\ccOH6mC8.ltrans0.ltrans.o
 .bss.USB_Device_CurrentlySelfPowered
                0x0000000000800543        0x1 C:\Users\user\AppData\Local\Temp\ccOH6mC8.ltrans0.ltrans.o
 .bss.USB_Device_RemoteWakeupEnabled
                0x0000000000800544        0x1 C:\Users\user\AppData\Local\Temp\ccOH6mC8.ltrans0.ltrans.o
 .bss.USB_DeviceState
                0x0000000000800545        0x1 C:\Users\user\AppData\Local\Temp\ccOH6mC8.ltrans0.ltrans.o
 .bss.USB_Device_ConfigurationNumber
                0x0000000000800546        0x1 C:\Users\user\AppData\Local\Temp\ccOH6mC8.ltrans0.ltrans.o
 .bss.USB_ControlRequest
                0x0000000000800547        0x8 C:\Users\user\AppData\Local\Temp\ccOH6mC8.ltrans0.ltrans.o
 .bss.sc_timer  0x000000000080054f        0x2 C:\Users\user\AppData\Local\Temp\ccOH6mC8.ltrans0.ltrans.o
 .bss.sc_last   0x0000000000800551        0x1 C:\Users\user\AppData\Local\Temp\ccOH6mC8.ltrans0.ltrans.o
 .bss.oled_rotation_width
                0x0000000000800552        0x1 C:\Users\user\AppData\Local\Temp\ccOH6mC8.ltrans0.ltrans.o
 .bss.oled_dirty
                0x0000000000800553        0x2 C:\Users\user\AppData\Local\Temp\ccOH6mC8.ltrans0.ltrans.o
 .bss.oled_buffer
                0x0000000000800555      0x200 C:\Users\user\AppData\Local\Temp\ccOH6mC8.ltrans0.ltrans.o
 .bss.oled_temp_buffer.2196
                0x0000000000800755        0x6 C:\Users\user\AppData\Local\Temp\ccOH6mC8.ltrans0.ltrans.o
 .bss.oled_cursor
                0x000000000080075b        0x2 C:\Users\user\AppData\Local\Temp\ccOH6mC8.ltrans0.ltrans.o
 *(COMMON)
                0x000000000080075d                PROVIDE (__bss_end = .)
                0x0000000000006952                __data_load_start = LOADADDR (.data)
                0x0000000000006a5c                __data_load_end = (__data_load_start + SIZEOF (.data))

.noinit         0x000000000080075d        0x0
                [!provide]                        PROVIDE (__noinit_start = .)
 *(.noinit*)
                [!provide]                        PROVIDE (__noinit_end = .)
                0x000000000080075d                _end = .
                [!provide]                        PROVIDE (__heap_start = .)

.eeprom         0x0000000000810000        0x0
 *(.eeprom*)
                0x0000000000810000                __eeprom_end = .

.fuse
 *(.fuse)
 *(.lfuse)
 *(.hfuse)
 *(.efuse)

.lock
 *(.lock*)

.signature
 *(.signature*)

.stab
 *(.stab)

.stabstr
 *(.stabstr)

.stab.excl
 *(.stab.excl)

.stab.exclstr
 *(.stab.exclstr)

.stab.index
 *(.stab.index)

.stab.indexstr
 *(.stab.indexstr)

.comment        0x0000000000000000       0x11
 *(.comment)
 .comment       0x0000000000000000       0x12 C:\Users\user\AppData\Local\Temp\ccOH6mC8.ltrans0.ltrans.o
 .comment       0x0000000000000000       0x11 .build/obj_crkbd_rev1_hikdul/i2c_master.a(i2c_master.o)
                                         0x12 (size before relaxing)
 .comment       0x0000000000000011       0x12 .build/obj_crkbd_rev1_hikdul/serial.a(serial.o)
 .comment       0x0000000000000011       0x12 c:/qmk_msys/mingw64/bin/../lib/gcc/avr/8.4.0/../../../../avr/lib/avr5\libc.a(rand.o)
 .comment       0x0000000000000011       0x12 c:/qmk_msys/mingw64/bin/../lib/gcc/avr/8.4.0/../../../../avr/lib/avr5\libc.a(snprintf.o)
 .comment       0x0000000000000011       0x12 c:/qmk_msys/mingw64/bin/../lib/gcc/avr/8.4.0/../../../../avr/lib/avr5\libc.a(vfprintf_std.o)
 .comment       0x0000000000000011       0x12 c:/qmk_msys/mingw64/bin/../lib/gcc/avr/8.4.0/../../../../avr/lib/avr5\libc.a(fputc.o)

.note.gnu.avr.deviceinfo
                0x0000000000000000       0x40
 .note.gnu.avr.deviceinfo
                0x0000000000000000       0x40 c:/qmk_msys/mingw64/bin/../lib/gcc/avr/8.4.0/../../../../avr/lib/avr5/crtatmega32u4.o

.note.gnu.build-id
 *(.note.gnu.build-id)

.debug
 *(.debug)

.line
 *(.line)

.debug_srcinfo
 *(.debug_srcinfo)

.debug_sfnames
 *(.debug_sfnames)

.debug_aranges  0x0000000000000000      0x498
 *(.debug_aranges)
 .debug_aranges
                0x0000000000000000      0x3b8 C:\Users\user\AppData\Local\Temp\ccOH6mC8.ltrans0.ltrans.o
 .debug_aranges
                0x00000000000003b8       0x78 .build/obj_crkbd_rev1_hikdul/i2c_master.a(i2c_master.o)
 .debug_aranges
                0x0000000000000430       0x68 .build/obj_crkbd_rev1_hikdul/serial.a(serial.o)

.debug_pubnames
 *(.debug_pubnames)

.debug_info     0x0000000000000000    0x31ca7
 *(.debug_info .gnu.linkonce.wi.*)
 .debug_info    0x0000000000000000      0x9f4 c:/qmk_msys/mingw64/bin/../lib/gcc/avr/8.4.0/../../../../avr/lib/avr5/crtatmega32u4.o
 .debug_info    0x00000000000009f4    0x25404 C:\Users\user\AppData\Local\Temp\ccwujLqhdebugobj
                0x00000000000009f4                crkbd.c.19ff2c6b
                0x00000000000013ad                rev1.c.35bc02b4
                0x0000000000001d66                keymap.c.06bec0b2
                0x0000000000003be5                quantum.c.df64e3d4
                0x0000000000005cdb                send_string.c.e98d490f
                0x0000000000006ed0                bitwise.c.589fe74b
                0x0000000000007099                led.c.4187bef9
                0x0000000000007505                action.c.7e89bd8f
                0x0000000000008b9a                action_layer.c.a64e84ee
                0x000000000000936d                action_tapping.c.05098600
                0x0000000000009e82                action_util.c.3ef280b9
                0x000000000000a79c                eeconfig.c.eeef4645
                0x000000000000aa17                keyboard.c.bf49f934
                0x000000000000b71a                keymap_common.c.a536bba8
                0x000000000000d96a                keycode_config.c.8697357b
                0x000000000000df82                sync_timer.c.dc1a68e8
                0x000000000000e0b3                debug.c.921bf70d
                0x000000000000e1bd                sendchar.c.775f3bc6
                0x000000000000e244                bootmagic_lite.c.b5c6016b
                0x000000000000ec8e                magic.c.3d0dbbc2
                0x000000000000f2ac                matrix_common.c.9ce04d06
                0x00000000000101a5                matrix.c.5c3ba65f
                0x00000000000110d3                sym_defer_g.c.e6579439
                0x0000000000011b5f                split_util.c.19332928
                0x0000000000012815                transport.c.50c91e21
                0x0000000000012f79                transactions.c.27fbb957
                0x0000000000014044                main.c.055a784f
                0x00000000000140c3                mousekey.c.225e99c1
                0x0000000000014694                color.c.3e920ab9
                0x00000000000148b3                rgblight.c.10705a7e
                0x0000000000016047                process_rgb.c.1eaa2df2
                0x0000000000017e08                ws2812.c.7300b089
                0x0000000000017fc5                led_tables.c.de375073
                0x0000000000018052                crc.c.b564fc77
                0x0000000000018a8f                ssd1306_sh1106.c.055aed9e
                0x00000000000195ab                process_magic.c.67c86988
                0x000000000001adb0                process_grave_esc.c.988d0e21
                0x000000000001ca2e                process_space_cadet.c.de0cdc14
                0x000000000001e6b3                printf.c.3dadad4f
                0x000000000001e77a                host.c.a4236100
                0x000000000001f5d6                report.c.22f4813b
                0x0000000000020095                usb_device_state.c.e619ebaa
                0x0000000000020214                usb_util.c.230475cb
                0x0000000000020bf3                suspend.c.1303b62f
                0x0000000000020cb7                platform.c.a352e4ca
                0x0000000000020d17                suspend.c.a33170cf
                0x000000000002125c                timer.c.9c2752d9
                0x0000000000021465                caterina.c.c6d99a66
                0x0000000000021522                lufa.c.0b0d0d1c
                0x0000000000022711                usb_descriptor.c.01c35c86
                0x000000000002303a                HIDParser.c.f47079c9
                0x00000000000236a9                Device_AVR8.c.4c923ea3
                0x0000000000023809                EndpointStream_AVR8.c.bd05a01c
                0x000000000002431c                Endpoint_AVR8.c.815dbb75
                0x000000000002474c                Host_AVR8.c.7e95681e
                0x00000000000247a2                PipeStream_AVR8.c.0716c928
                0x00000000000247f8                Pipe_AVR8.c.0fdc2c26
                0x000000000002484e                USBController_AVR8.c.9ec1fc93
                0x0000000000024b6b                USBInterrupt_AVR8.c.c9c18d6d
                0x0000000000024ef4                ConfigDescriptors.c.6ac44f98
                0x000000000002524e                DeviceStandardReq.c.6886d779
                0x00000000000257ea                Events.c.e4a39403
                0x000000000002589a                HostStandardReq.c.89f0ce6d
                0x00000000000258f0                USBTask.c.df353ba0
                0x0000000000025ae0                usb_util.c.ecfefec9
 .debug_info    0x0000000000025df8     0xa0e3 C:\Users\user\AppData\Local\Temp\ccOH6mC8.ltrans0.ltrans.o
 .debug_info    0x000000000002fedb      0xaa3 .build/obj_crkbd_rev1_hikdul/i2c_master.a(i2c_master.o)
 .debug_info    0x000000000003097e     0x1329 .build/obj_crkbd_rev1_hikdul/serial.a(serial.o)

.debug_abbrev   0x0000000000000000     0x7f33
 *(.debug_abbrev)
 .debug_abbrev  0x0000000000000000      0x96a c:/qmk_msys/mingw64/bin/../lib/gcc/avr/8.4.0/../../../../avr/lib/avr5/crtatmega32u4.o
 .debug_abbrev  0x000000000000096a     0x6b02 C:\Users\user\AppData\Local\Temp\ccwujLqhdebugobj
 .debug_abbrev  0x000000000000746c      0x3ca C:\Users\user\AppData\Local\Temp\ccOH6mC8.ltrans0.ltrans.o
 .debug_abbrev  0x0000000000007836      0x254 .build/obj_crkbd_rev1_hikdul/i2c_master.a(i2c_master.o)
 .debug_abbrev  0x0000000000007a8a      0x4a9 .build/obj_crkbd_rev1_hikdul/serial.a(serial.o)

.debug_line     0x0000000000000000    0x16d33
 *(.debug_line .debug_line.* .debug_line_end)
 .debug_line    0x0000000000000000       0x1d c:/qmk_msys/mingw64/bin/../lib/gcc/avr/8.4.0/../../../../avr/lib/avr5/crtatmega32u4.o
 .debug_line    0x000000000000001d     0x677e C:\Users\user\AppData\Local\Temp\ccwujLqhdebugobj
 .debug_line    0x000000000000679b     0xe569 C:\Users\user\AppData\Local\Temp\ccOH6mC8.ltrans0.ltrans.o
 .debug_line    0x0000000000014d04      0xf0b .build/obj_crkbd_rev1_hikdul/i2c_master.a(i2c_master.o)
 .debug_line    0x0000000000015c0f     0x1124 .build/obj_crkbd_rev1_hikdul/serial.a(serial.o)

.debug_frame    0x0000000000000000     0x1068
 *(.debug_frame)
 .debug_frame   0x0000000000000000      0xcc0 C:\Users\user\AppData\Local\Temp\ccOH6mC8.ltrans0.ltrans.o
 .debug_frame   0x0000000000000cc0      0x240 .build/obj_crkbd_rev1_hikdul/i2c_master.a(i2c_master.o)
 .debug_frame   0x0000000000000f00      0x168 .build/obj_crkbd_rev1_hikdul/serial.a(serial.o)

.debug_str      0x0000000000000000     0x96d3
 *(.debug_str)
 .debug_str     0x0000000000000000      0x371 c:/qmk_msys/mingw64/bin/../lib/gcc/avr/8.4.0/../../../../avr/lib/avr5/crtatmega32u4.o
 .debug_str     0x0000000000000371     0x8a1b C:\Users\user\AppData\Local\Temp\ccwujLqhdebugobj
                                      0x29c36 (size before relaxing)
 .debug_str     0x0000000000008d8c      0x126 C:\Users\user\AppData\Local\Temp\ccOH6mC8.ltrans0.ltrans.o
                                        0x155 (size before relaxing)
 .debug_str     0x0000000000008eb2      0x26b .build/obj_crkbd_rev1_hikdul/i2c_master.a(i2c_master.o)
                                        0x2e3 (size before relaxing)
 .debug_str     0x000000000000911d      0x5b6 .build/obj_crkbd_rev1_hikdul/serial.a(serial.o)
                                        0x867 (size before relaxing)

.debug_loc      0x0000000000000000     0xb843
 *(.debug_loc)
 .debug_loc     0x0000000000000000     0x9ab7 C:\Users\user\AppData\Local\Temp\ccOH6mC8.ltrans0.ltrans.o
 .debug_loc     0x0000000000009ab7     0x1279 .build/obj_crkbd_rev1_hikdul/i2c_master.a(i2c_master.o)
 .debug_loc     0x000000000000ad30      0xb13 .build/obj_crkbd_rev1_hikdul/serial.a(serial.o)

.debug_macinfo
 *(.debug_macinfo)

.debug_weaknames
 *(.debug_weaknames)

.debug_funcnames
 *(.debug_funcnames)

.debug_typenames
 *(.debug_typenames)

.debug_varnames
 *(.debug_varnames)

.debug_pubtypes
 *(.debug_pubtypes)

.debug_ranges   0x0000000000000000     0x27c8
 *(.debug_ranges)
 .debug_ranges  0x0000000000000000     0x2428 C:\Users\user\AppData\Local\Temp\ccOH6mC8.ltrans0.ltrans.o
 .debug_ranges  0x0000000000002428      0x120 .build/obj_crkbd_rev1_hikdul/i2c_master.a(i2c_master.o)
 .debug_ranges  0x0000000000002548      0x280 .build/obj_crkbd_rev1_hikdul/serial.a(serial.o)

.debug_macro
 *(.debug_macro)

.debug_addr
 *(.debug_addr)
OUTPUT(.build/crkbd_rev1_hikdul.elf elf32-avr)
LOAD linker stubs

Cross Reference Table

Symbol                                            File
CALLBACK_HIDParser_FilterHIDReportItem            .build/obj_crkbd_rev1_hikdul/lib/lufa/LUFA/Drivers/USB/Class/Common/HIDParser.o (symbol from plugin)
CALLBACK_USB_GetDescriptor                        .build/obj_crkbd_rev1_hikdul/lufa.o (symbol from plugin)
                                                  .build/obj_crkbd_rev1_hikdul/lib/lufa/LUFA/Drivers/USB/Core/DeviceStandardReq.o (symbol from plugin)
CIE1931_CURVE                                     .build/obj_crkbd_rev1_hikdul/quantum/led_tables.o (symbol from plugin)
                                                  .build/obj_crkbd_rev1_hikdul/quantum/color.o (symbol from plugin)
ConfigDescriptors.c.6ac44f98                      C:\Users\user\AppData\Local\Temp\ccwujLqhdebugobj
ConfigurationDescriptor                           .build/obj_crkbd_rev1_hikdul/usb_descriptor.o (symbol from plugin)
DeviceDescriptor                                  .build/obj_crkbd_rev1_hikdul/usb_descriptor.o (symbol from plugin)
DeviceStandardReq.c.6886d779                      C:\Users\user\AppData\Local\Temp\ccwujLqhdebugobj
                                                  C:\Users\user\AppData\Local\Temp\ccOH6mC8.ltrans0.ltrans.o
Device_AVR8.c.4c923ea3                            C:\Users\user\AppData\Local\Temp\ccwujLqhdebugobj
                                                  C:\Users\user\AppData\Local\Temp\ccOH6mC8.ltrans0.ltrans.o
EVENT_USB_Device_ConfigurationChanged             .build/obj_crkbd_rev1_hikdul/lufa.o (symbol from plugin)
                                                  .build/obj_crkbd_rev1_hikdul/lib/lufa/LUFA/Drivers/USB/Core/DeviceStandardReq.o (symbol from plugin)
EVENT_USB_Device_Connect                          .build/obj_crkbd_rev1_hikdul/lufa.o (symbol from plugin)
                                                  .build/obj_crkbd_rev1_hikdul/lib/lufa/LUFA/Drivers/USB/Core/AVR8/USBInterrupt_AVR8.o (symbol from plugin)
EVENT_USB_Device_ControlRequest                   .build/obj_crkbd_rev1_hikdul/lufa.o (symbol from plugin)
                                                  .build/obj_crkbd_rev1_hikdul/lib/lufa/LUFA/Drivers/USB/Core/DeviceStandardReq.o (symbol from plugin)
EVENT_USB_Device_Disconnect                       .build/obj_crkbd_rev1_hikdul/lufa.o (symbol from plugin)
                                                  .build/obj_crkbd_rev1_hikdul/lib/lufa/LUFA/Drivers/USB/Core/AVR8/USBInterrupt_AVR8.o (symbol from plugin)
EVENT_USB_Device_Reset                            .build/obj_crkbd_rev1_hikdul/lufa.o (symbol from plugin)
                                                  .build/obj_crkbd_rev1_hikdul/lib/lufa/LUFA/Drivers/USB/Core/AVR8/USBInterrupt_AVR8.o (symbol from plugin)
EVENT_USB_Device_StartOfFrame                     .build/obj_crkbd_rev1_hikdul/lib/lufa/LUFA/Drivers/USB/Core/Events.o (symbol from plugin)
                                                  .build/obj_crkbd_rev1_hikdul/lib/lufa/LUFA/Drivers/USB/Core/AVR8/USBInterrupt_AVR8.o (symbol from plugin)
EVENT_USB_Device_Suspend                          .build/obj_crkbd_rev1_hikdul/lufa.o (symbol from plugin)
                                                  .build/obj_crkbd_rev1_hikdul/lib/lufa/LUFA/Drivers/USB/Core/AVR8/USBInterrupt_AVR8.o (symbol from plugin)
EVENT_USB_Device_WakeUp                           .build/obj_crkbd_rev1_hikdul/lufa.o (symbol from plugin)
                                                  .build/obj_crkbd_rev1_hikdul/lib/lufa/LUFA/Drivers/USB/Core/AVR8/USBInterrupt_AVR8.o (symbol from plugin)
EndpointStream_AVR8.c.bd05a01c                    C:\Users\user\AppData\Local\Temp\ccwujLqhdebugobj
                                                  C:\Users\user\AppData\Local\Temp\ccOH6mC8.ltrans0.ltrans.o
Endpoint_AVR8.c.815dbb75                          C:\Users\user\AppData\Local\Temp\ccwujLqhdebugobj
                                                  C:\Users\user\AppData\Local\Temp\ccOH6mC8.ltrans0.ltrans.o
Endpoint_ClearEndpoints                           .build/obj_crkbd_rev1_hikdul/lib/lufa/LUFA/Drivers/USB/Core/AVR8/Endpoint_AVR8.o (symbol from plugin)
Endpoint_ClearStatusStage                         .build/obj_crkbd_rev1_hikdul/lib/lufa/LUFA/Drivers/USB/Core/AVR8/Endpoint_AVR8.o (symbol from plugin)
                                                  .build/obj_crkbd_rev1_hikdul/lib/lufa/LUFA/Drivers/USB/Core/DeviceStandardReq.o (symbol from plugin)
                                                  .build/obj_crkbd_rev1_hikdul/lufa.o (symbol from plugin)
Endpoint_ConfigureEndpointTable                   .build/obj_crkbd_rev1_hikdul/lib/lufa/LUFA/Drivers/USB/Core/AVR8/Endpoint_AVR8.o (symbol from plugin)
Endpoint_ConfigureEndpoint_Prv                    .build/obj_crkbd_rev1_hikdul/lib/lufa/LUFA/Drivers/USB/Core/AVR8/Endpoint_AVR8.o (symbol from plugin)
                                                  .build/obj_crkbd_rev1_hikdul/lib/lufa/LUFA/Drivers/USB/Core/AVR8/USBInterrupt_AVR8.o (symbol from plugin)
                                                  .build/obj_crkbd_rev1_hikdul/lib/lufa/LUFA/Drivers/USB/Core/AVR8/USBController_AVR8.o (symbol from plugin)
                                                  .build/obj_crkbd_rev1_hikdul/lufa.o (symbol from plugin)
Endpoint_Discard_Stream                           .build/obj_crkbd_rev1_hikdul/lib/lufa/LUFA/Drivers/USB/Core/AVR8/EndpointStream_AVR8.o (symbol from plugin)
Endpoint_Null_Stream                              .build/obj_crkbd_rev1_hikdul/lib/lufa/LUFA/Drivers/USB/Core/AVR8/EndpointStream_AVR8.o (symbol from plugin)
Endpoint_Read_Control_EStream_BE                  .build/obj_crkbd_rev1_hikdul/lib/lufa/LUFA/Drivers/USB/Core/AVR8/EndpointStream_AVR8.o (symbol from plugin)
Endpoint_Read_Control_EStream_LE                  .build/obj_crkbd_rev1_hikdul/lib/lufa/LUFA/Drivers/USB/Core/AVR8/EndpointStream_AVR8.o (symbol from plugin)
Endpoint_Read_Control_Stream_BE                   .build/obj_crkbd_rev1_hikdul/lib/lufa/LUFA/Drivers/USB/Core/AVR8/EndpointStream_AVR8.o (symbol from plugin)
Endpoint_Read_Control_Stream_LE                   .build/obj_crkbd_rev1_hikdul/lib/lufa/LUFA/Drivers/USB/Core/AVR8/EndpointStream_AVR8.o (symbol from plugin)
Endpoint_Read_EStream_BE                          .build/obj_crkbd_rev1_hikdul/lib/lufa/LUFA/Drivers/USB/Core/AVR8/EndpointStream_AVR8.o (symbol from plugin)
Endpoint_Read_EStream_LE                          .build/obj_crkbd_rev1_hikdul/lib/lufa/LUFA/Drivers/USB/Core/AVR8/EndpointStream_AVR8.o (symbol from plugin)
Endpoint_Read_Stream_BE                           .build/obj_crkbd_rev1_hikdul/lib/lufa/LUFA/Drivers/USB/Core/AVR8/EndpointStream_AVR8.o (symbol from plugin)
Endpoint_Read_Stream_LE                           .build/obj_crkbd_rev1_hikdul/lib/lufa/LUFA/Drivers/USB/Core/AVR8/EndpointStream_AVR8.o (symbol from plugin)
Endpoint_WaitUntilReady                           .build/obj_crkbd_rev1_hikdul/lib/lufa/LUFA/Drivers/USB/Core/AVR8/Endpoint_AVR8.o (symbol from plugin)
                                                  .build/obj_crkbd_rev1_hikdul/lib/lufa/LUFA/Drivers/USB/Core/AVR8/EndpointStream_AVR8.o (symbol from plugin)
Endpoint_Write_Control_EStream_BE                 .build/obj_crkbd_rev1_hikdul/lib/lufa/LUFA/Drivers/USB/Core/AVR8/EndpointStream_AVR8.o (symbol from plugin)
Endpoint_Write_Control_EStream_LE                 .build/obj_crkbd_rev1_hikdul/lib/lufa/LUFA/Drivers/USB/Core/AVR8/EndpointStream_AVR8.o (symbol from plugin)
Endpoint_Write_Control_PStream_BE                 .build/obj_crkbd_rev1_hikdul/lib/lufa/LUFA/Drivers/USB/Core/AVR8/EndpointStream_AVR8.o (symbol from plugin)
Endpoint_Write_Control_PStream_LE                 .build/obj_crkbd_rev1_hikdul/lib/lufa/LUFA/Drivers/USB/Core/AVR8/EndpointStream_AVR8.o (symbol from plugin)
                                                  .build/obj_crkbd_rev1_hikdul/lib/lufa/LUFA/Drivers/USB/Core/DeviceStandardReq.o (symbol from plugin)
Endpoint_Write_Control_Stream_BE                  .build/obj_crkbd_rev1_hikdul/lib/lufa/LUFA/Drivers/USB/Core/AVR8/EndpointStream_AVR8.o (symbol from plugin)
Endpoint_Write_Control_Stream_LE                  .build/obj_crkbd_rev1_hikdul/lib/lufa/LUFA/Drivers/USB/Core/AVR8/EndpointStream_AVR8.o (symbol from plugin)
                                                  .build/obj_crkbd_rev1_hikdul/lib/lufa/LUFA/Drivers/USB/Core/DeviceStandardReq.o (symbol from plugin)
                                                  .build/obj_crkbd_rev1_hikdul/lufa.o (symbol from plugin)
Endpoint_Write_EStream_BE                         .build/obj_crkbd_rev1_hikdul/lib/lufa/LUFA/Drivers/USB/Core/AVR8/EndpointStream_AVR8.o (symbol from plugin)
Endpoint_Write_EStream_LE                         .build/obj_crkbd_rev1_hikdul/lib/lufa/LUFA/Drivers/USB/Core/AVR8/EndpointStream_AVR8.o (symbol from plugin)
Endpoint_Write_PStream_BE                         .build/obj_crkbd_rev1_hikdul/lib/lufa/LUFA/Drivers/USB/Core/AVR8/EndpointStream_AVR8.o (symbol from plugin)
Endpoint_Write_PStream_LE                         .build/obj_crkbd_rev1_hikdul/lib/lufa/LUFA/Drivers/USB/Core/AVR8/EndpointStream_AVR8.o (symbol from plugin)
Endpoint_Write_Stream_BE                          .build/obj_crkbd_rev1_hikdul/lib/lufa/LUFA/Drivers/USB/Core/AVR8/EndpointStream_AVR8.o (symbol from plugin)
Endpoint_Write_Stream_LE                          .build/obj_crkbd_rev1_hikdul/lib/lufa/LUFA/Drivers/USB/Core/AVR8/EndpointStream_AVR8.o (symbol from plugin)
                                                  .build/obj_crkbd_rev1_hikdul/lufa.o (symbol from plugin)
Events.c.e4a39403                                 C:\Users\user\AppData\Local\Temp\ccwujLqhdebugobj
                                                  C:\Users\user\AppData\Local\Temp\ccOH6mC8.ltrans0.ltrans.o
HIDParser.c.f47079c9                              C:\Users\user\AppData\Local\Temp\ccwujLqhdebugobj
HostStandardReq.c.89f0ce6d                        C:\Users\user\AppData\Local\Temp\ccwujLqhdebugobj
Host_AVR8.c.7e95681e                              C:\Users\user\AppData\Local\Temp\ccwujLqhdebugobj
KeyboardReport                                    .build/obj_crkbd_rev1_hikdul/usb_descriptor.o (symbol from plugin)
LanguageString                                    .build/obj_crkbd_rev1_hikdul/usb_descriptor.o (symbol from plugin)
ManufacturerString                                .build/obj_crkbd_rev1_hikdul/usb_descriptor.o (symbol from plugin)
PipeStream_AVR8.c.0716c928                        C:\Users\user\AppData\Local\Temp\ccwujLqhdebugobj
Pipe_AVR8.c.0fdc2c26                              C:\Users\user\AppData\Local\Temp\ccwujLqhdebugobj
ProductString                                     .build/obj_crkbd_rev1_hikdul/usb_descriptor.o (symbol from plugin)
RGBLED_BREATHING_INTERVALS                        .build/obj_crkbd_rev1_hikdul/quantum/rgblight/rgblight.o (symbol from plugin)
RGBLED_GRADIENT_RANGES                            .build/obj_crkbd_rev1_hikdul/quantum/rgblight/rgblight.o (symbol from plugin)
RGBLED_KNIGHT_INTERVALS                           .build/obj_crkbd_rev1_hikdul/quantum/rgblight/rgblight.o (symbol from plugin)
RGBLED_RAINBOW_MOOD_INTERVALS                     .build/obj_crkbd_rev1_hikdul/quantum/rgblight/rgblight.o (symbol from plugin)
RGBLED_RAINBOW_SWIRL_INTERVALS                    .build/obj_crkbd_rev1_hikdul/quantum/rgblight/rgblight.o (symbol from plugin)
RGBLED_RGBTEST_INTERVALS                          .build/obj_crkbd_rev1_hikdul/quantum/rgblight/rgblight.o (symbol from plugin)
RGBLED_SNAKE_INTERVALS                            .build/obj_crkbd_rev1_hikdul/quantum/rgblight/rgblight.o (symbol from plugin)
RGBLED_TWINKLE_INTERVALS                          .build/obj_crkbd_rev1_hikdul/quantum/rgblight/rgblight.o (symbol from plugin)
SharedReport                                      .build/obj_crkbd_rev1_hikdul/usb_descriptor.o (symbol from plugin)
USBController_AVR8.c.9ec1fc93                     C:\Users\user\AppData\Local\Temp\ccwujLqhdebugobj
                                                  C:\Users\user\AppData\Local\Temp\ccOH6mC8.ltrans0.ltrans.o
USBInterrupt_AVR8.c.c9c18d6d                      C:\Users\user\AppData\Local\Temp\ccwujLqhdebugobj
                                                  C:\Users\user\AppData\Local\Temp\ccOH6mC8.ltrans0.ltrans.o
USBTask.c.df353ba0                                C:\Users\user\AppData\Local\Temp\ccwujLqhdebugobj
                                                  C:\Users\user\AppData\Local\Temp\ccOH6mC8.ltrans0.ltrans.o
USB_ControlRequest                                .build/obj_crkbd_rev1_hikdul/lib/lufa/LUFA/Drivers/USB/Core/USBTask.o (symbol from plugin)
                                                  .build/obj_crkbd_rev1_hikdul/lib/lufa/LUFA/Drivers/USB/Core/DeviceStandardReq.o (symbol from plugin)
                                                  .build/obj_crkbd_rev1_hikdul/lib/lufa/LUFA/Drivers/USB/Core/AVR8/Endpoint_AVR8.o (symbol from plugin)
                                                  .build/obj_crkbd_rev1_hikdul/lib/lufa/LUFA/Drivers/USB/Core/AVR8/EndpointStream_AVR8.o (symbol from plugin)
                                                  .build/obj_crkbd_rev1_hikdul/lufa.o (symbol from plugin)
USB_DeviceState                                   .build/obj_crkbd_rev1_hikdul/lib/lufa/LUFA/Drivers/USB/Core/USBTask.o (symbol from plugin)
                                                  .build/obj_crkbd_rev1_hikdul/protocol/lufa/usb_util.o (symbol from plugin)
                                                  .build/obj_crkbd_rev1_hikdul/lib/lufa/LUFA/Drivers/USB/Core/DeviceStandardReq.o (symbol from plugin)
                                                  .build/obj_crkbd_rev1_hikdul/lib/lufa/LUFA/Drivers/USB/Core/AVR8/USBInterrupt_AVR8.o (symbol from plugin)
                                                  .build/obj_crkbd_rev1_hikdul/lib/lufa/LUFA/Drivers/USB/Core/AVR8/USBController_AVR8.o (symbol from plugin)
                                                  .build/obj_crkbd_rev1_hikdul/lib/lufa/LUFA/Drivers/USB/Core/AVR8/Endpoint_AVR8.o (symbol from plugin)
                                                  .build/obj_crkbd_rev1_hikdul/lib/lufa/LUFA/Drivers/USB/Core/AVR8/EndpointStream_AVR8.o (symbol from plugin)
                                                  .build/obj_crkbd_rev1_hikdul/lufa.o (symbol from plugin)
                                                  .build/obj_crkbd_rev1_hikdul/platforms/avr/suspend.o (symbol from plugin)
USB_Device_ConfigurationNumber                    .build/obj_crkbd_rev1_hikdul/lib/lufa/LUFA/Drivers/USB/Core/DeviceStandardReq.o (symbol from plugin)
                                                  .build/obj_crkbd_rev1_hikdul/lib/lufa/LUFA/Drivers/USB/Core/AVR8/USBInterrupt_AVR8.o (symbol from plugin)
                                                  .build/obj_crkbd_rev1_hikdul/lib/lufa/LUFA/Drivers/USB/Core/AVR8/USBController_AVR8.o (symbol from plugin)
                                                  .build/obj_crkbd_rev1_hikdul/lufa.o (symbol from plugin)
USB_Device_CurrentlySelfPowered                   .build/obj_crkbd_rev1_hikdul/lib/lufa/LUFA/Drivers/USB/Core/DeviceStandardReq.o (symbol from plugin)
                                                  .build/obj_crkbd_rev1_hikdul/lib/lufa/LUFA/Drivers/USB/Core/AVR8/USBController_AVR8.o (symbol from plugin)
USB_Device_ProcessControlRequest                  .build/obj_crkbd_rev1_hikdul/lib/lufa/LUFA/Drivers/USB/Core/DeviceStandardReq.o (symbol from plugin)
                                                  .build/obj_crkbd_rev1_hikdul/lib/lufa/LUFA/Drivers/USB/Core/USBTask.o (symbol from plugin)
                                                  .build/obj_crkbd_rev1_hikdul/lib/lufa/LUFA/Drivers/USB/Core/AVR8/USBInterrupt_AVR8.o (symbol from plugin)
USB_Device_RemoteWakeupEnabled                    .build/obj_crkbd_rev1_hikdul/lib/lufa/LUFA/Drivers/USB/Core/DeviceStandardReq.o (symbol from plugin)
                                                  .build/obj_crkbd_rev1_hikdul/lib/lufa/LUFA/Drivers/USB/Core/AVR8/USBController_AVR8.o (symbol from plugin)
                                                  .build/obj_crkbd_rev1_hikdul/lufa.o (symbol from plugin)
USB_Device_SendRemoteWakeup                       .build/obj_crkbd_rev1_hikdul/lib/lufa/LUFA/Drivers/USB/Core/AVR8/Device_AVR8.o (symbol from plugin)
                                                  .build/obj_crkbd_rev1_hikdul/lufa.o (symbol from plugin)
USB_Disable                                       .build/obj_crkbd_rev1_hikdul/lib/lufa/LUFA/Drivers/USB/Core/AVR8/USBController_AVR8.o (symbol from plugin)
                                                  .build/obj_crkbd_rev1_hikdul/protocol/lufa/usb_util.o (symbol from plugin)
                                                  .build/obj_crkbd_rev1_hikdul/lufa.o (symbol from plugin)
USB_Event_Stub                                    .build/obj_crkbd_rev1_hikdul/lib/lufa/LUFA/Drivers/USB/Core/Events.o (symbol from plugin)
USB_Event_Stub_2                                  .build/obj_crkbd_rev1_hikdul/lib/lufa/LUFA/Drivers/USB/Core/Events.o (symbol from plugin)
USB_Event_Stub_3                                  .build/obj_crkbd_rev1_hikdul/lib/lufa/LUFA/Drivers/USB/Core/Events.o (symbol from plugin)
USB_GetHIDReportItemInfo                          .build/obj_crkbd_rev1_hikdul/lib/lufa/LUFA/Drivers/USB/Class/Common/HIDParser.o (symbol from plugin)
USB_GetHIDReportSize                              .build/obj_crkbd_rev1_hikdul/lib/lufa/LUFA/Drivers/USB/Class/Common/HIDParser.o (symbol from plugin)
USB_GetNextDescriptorComp                         .build/obj_crkbd_rev1_hikdul/lib/lufa/LUFA/Drivers/USB/Core/ConfigDescriptors.o (symbol from plugin)
USB_GetNextDescriptorOfType                       .build/obj_crkbd_rev1_hikdul/lib/lufa/LUFA/Drivers/USB/Core/ConfigDescriptors.o (symbol from plugin)
USB_GetNextDescriptorOfTypeAfter                  .build/obj_crkbd_rev1_hikdul/lib/lufa/LUFA/Drivers/USB/Core/ConfigDescriptors.o (symbol from plugin)
USB_GetNextDescriptorOfTypeBefore                 .build/obj_crkbd_rev1_hikdul/lib/lufa/LUFA/Drivers/USB/Core/ConfigDescriptors.o (symbol from plugin)
USB_INT_ClearAllInterrupts                        .build/obj_crkbd_rev1_hikdul/lib/lufa/LUFA/Drivers/USB/Core/AVR8/USBInterrupt_AVR8.o (symbol from plugin)
                                                  .build/obj_crkbd_rev1_hikdul/lib/lufa/LUFA/Drivers/USB/Core/AVR8/USBController_AVR8.o (symbol from plugin)
USB_INT_DisableAllInterrupts                      .build/obj_crkbd_rev1_hikdul/lib/lufa/LUFA/Drivers/USB/Core/AVR8/USBInterrupt_AVR8.o (symbol from plugin)
                                                  .build/obj_crkbd_rev1_hikdul/lib/lufa/LUFA/Drivers/USB/Core/AVR8/USBController_AVR8.o (symbol from plugin)
USB_Init                                          .build/obj_crkbd_rev1_hikdul/lib/lufa/LUFA/Drivers/USB/Core/AVR8/USBController_AVR8.o (symbol from plugin)
                                                  .build/obj_crkbd_rev1_hikdul/lufa.o (symbol from plugin)
USB_IsInitialized                                 .build/obj_crkbd_rev1_hikdul/lib/lufa/LUFA/Drivers/USB/Core/USBTask.o (symbol from plugin)
                                                  .build/obj_crkbd_rev1_hikdul/lib/lufa/LUFA/Drivers/USB/Core/AVR8/USBController_AVR8.o (symbol from plugin)
                                                  .build/obj_crkbd_rev1_hikdul/lufa.o (symbol from plugin)
USB_ProcessHIDReport                              .build/obj_crkbd_rev1_hikdul/lib/lufa/LUFA/Drivers/USB/Class/Common/HIDParser.o (symbol from plugin)
USB_ResetInterface                                .build/obj_crkbd_rev1_hikdul/lib/lufa/LUFA/Drivers/USB/Core/AVR8/USBController_AVR8.o (symbol from plugin)
USB_SetHIDReportItemInfo                          .build/obj_crkbd_rev1_hikdul/lib/lufa/LUFA/Drivers/USB/Class/Common/HIDParser.o (symbol from plugin)
USB_USBTask                                       .build/obj_crkbd_rev1_hikdul/lib/lufa/LUFA/Drivers/USB/Core/USBTask.o (symbol from plugin)
                                                  .build/obj_crkbd_rev1_hikdul/lufa.o (symbol from plugin)
__bad_interrupt                                   c:/qmk_msys/mingw64/bin/../lib/gcc/avr/8.4.0/../../../../avr/lib/avr5/crtatmega32u4.o
__bss_end                                         c:/qmk_msys/mingw64/bin/../lib/gcc/avr/8.4.0/avr5\libgcc.a(_clear_bss.o)
__bss_start                                       c:/qmk_msys/mingw64/bin/../lib/gcc/avr/8.4.0/avr5\libgcc.a(_clear_bss.o)
__data_end                                        c:/qmk_msys/mingw64/bin/../lib/gcc/avr/8.4.0/avr5\libgcc.a(_copy_data.o)
__data_load_start                                 c:/qmk_msys/mingw64/bin/../lib/gcc/avr/8.4.0/avr5\libgcc.a(_copy_data.o)
__data_start                                      c:/qmk_msys/mingw64/bin/../lib/gcc/avr/8.4.0/avr5\libgcc.a(_copy_data.o)
__divmodhi4                                       c:/qmk_msys/mingw64/bin/../lib/gcc/avr/8.4.0/avr5\libgcc.a(_divmodhi4.o)
                                                  C:\Users\user\AppData\Local\Temp\ccOH6mC8.ltrans0.ltrans.o
__divmodqi4                                       c:/qmk_msys/mingw64/bin/../lib/gcc/avr/8.4.0/avr5\libgcc.a(_divmodqi4.o)
                                                  C:\Users\user\AppData\Local\Temp\ccOH6mC8.ltrans0.ltrans.o
__divmodsi4                                       c:/qmk_msys/mingw64/bin/../lib/gcc/avr/8.4.0/avr5\libgcc.a(_divmodsi4.o)
                                                  c:/qmk_msys/mingw64/bin/../lib/gcc/avr/8.4.0/../../../../avr/lib/avr5\libc.a(rand.o)
__do_clear_bss                                    c:/qmk_msys/mingw64/bin/../lib/gcc/avr/8.4.0/avr5\libgcc.a(_clear_bss.o)
                                                  C:\Users\user\AppData\Local\Temp\ccOH6mC8.ltrans0.ltrans.o
__do_copy_data                                    c:/qmk_msys/mingw64/bin/../lib/gcc/avr/8.4.0/avr5\libgcc.a(_copy_data.o)
                                                  C:\Users\user\AppData\Local\Temp\ccOH6mC8.ltrans0.ltrans.o
                                                  c:/qmk_msys/mingw64/bin/../lib/gcc/avr/8.4.0/../../../../avr/lib/avr5\libc.a(rand.o)
__epilogue_restores__                             c:/qmk_msys/mingw64/bin/../lib/gcc/avr/8.4.0/avr5\libgcc.a(_epilogue.o)
                                                  c:/qmk_msys/mingw64/bin/../lib/gcc/avr/8.4.0/../../../../avr/lib/avr5\libc.a(vfprintf_std.o)
                                                  c:/qmk_msys/mingw64/bin/../lib/gcc/avr/8.4.0/../../../../avr/lib/avr5\libc.a(snprintf.o)
__heap_end                                        c:/qmk_msys/mingw64/bin/../lib/gcc/avr/8.4.0/../../../../avr/lib/avr5/crtatmega32u4.o
__init                                            c:/qmk_msys/mingw64/bin/../lib/gcc/avr/8.4.0/../../../../avr/lib/avr5/crtatmega32u4.o
__mulhisi3                                        c:/qmk_msys/mingw64/bin/../lib/gcc/avr/8.4.0/avr5\libgcc.a(_mulhisi3.o)
                                                  C:\Users\user\AppData\Local\Temp\ccOH6mC8.ltrans0.ltrans.o
__mulohisi3                                       c:/qmk_msys/mingw64/bin/../lib/gcc/avr/8.4.0/avr5\libgcc.a(_mulshisi3.o)
                                                  c:/qmk_msys/mingw64/bin/../lib/gcc/avr/8.4.0/../../../../avr/lib/avr5\libc.a(rand.o)
__mulshisi3                                       c:/qmk_msys/mingw64/bin/../lib/gcc/avr/8.4.0/avr5\libgcc.a(_mulshisi3.o)
                                                  C:\Users\user\AppData\Local\Temp\ccOH6mC8.ltrans0.ltrans.o
__muluhisi3                                       c:/qmk_msys/mingw64/bin/../lib/gcc/avr/8.4.0/avr5\libgcc.a(_muluhisi3.o)
                                                  C:\Users\user\AppData\Local\Temp\ccOH6mC8.ltrans0.ltrans.o
                                                  c:/qmk_msys/mingw64/bin/../lib/gcc/avr/8.4.0/avr5\libgcc.a(_mulshisi3.o)
                                                  c:/qmk_msys/mingw64/bin/../lib/gcc/avr/8.4.0/../../../../avr/lib/avr5\libc.a(rand.o)
__negsi2                                          c:/qmk_msys/mingw64/bin/../lib/gcc/avr/8.4.0/avr5\libgcc.a(_negsi2.o)
                                                  c:/qmk_msys/mingw64/bin/../lib/gcc/avr/8.4.0/avr5\libgcc.a(_divmodsi4.o)
__prologue_saves__                                c:/qmk_msys/mingw64/bin/../lib/gcc/avr/8.4.0/avr5\libgcc.a(_prologue.o)
                                                  c:/qmk_msys/mingw64/bin/../lib/gcc/avr/8.4.0/../../../../avr/lib/avr5\libc.a(vfprintf_std.o)
                                                  c:/qmk_msys/mingw64/bin/../lib/gcc/avr/8.4.0/../../../../avr/lib/avr5\libc.a(snprintf.o)
__stack                                           c:/qmk_msys/mingw64/bin/../lib/gcc/avr/8.4.0/../../../../avr/lib/avr5/crtatmega32u4.o
__tablejump2__                                    c:/qmk_msys/mingw64/bin/../lib/gcc/avr/8.4.0/avr5\libgcc.a(_tablejump2.o)
                                                  C:\Users\user\AppData\Local\Temp\ccOH6mC8.ltrans0.ltrans.o
__udivmodhi4                                      c:/qmk_msys/mingw64/bin/../lib/gcc/avr/8.4.0/avr5\libgcc.a(_udivmodhi4.o)
                                                  c:/qmk_msys/mingw64/bin/../lib/gcc/avr/8.4.0/avr5\libgcc.a(_divmodhi4.o)
                                                  C:\Users\user\AppData\Local\Temp\ccOH6mC8.ltrans0.ltrans.o
                                                  .build/obj_crkbd_rev1_hikdul/i2c_master.a(i2c_master.o)
__udivmodqi4                                      c:/qmk_msys/mingw64/bin/../lib/gcc/avr/8.4.0/avr5\libgcc.a(_udivmodqi4.o)